******************************************************************************
               TMS320C6x Linker PC v7.4.4                      
******************************************************************************
>> Linked Tue Nov 17 18:53:53 2015

OUTPUT FILE NAME:   <DSP_v6.out>
ENTRY POINT SYMBOL: "_c_int00"  address: c00124e0


MEMORY CONFIGURATION

         name            origin    length      used     unused   attr    fill
----------------------  --------  ---------  --------  --------  ----  --------
  IROM                  11700000   00100000  00000000  00100000  R  X
  IRAM                  11800000   00040000  00000000  00040000  RW X
  L3_CBA_RAM            80000000   00020000  00000000  00020000  RW X
  DDR                   c0000000   08000000  0001e3d0  07fe1c30  RWIX


SEGMENT ALLOCATION MAP

run origin  load origin   length   init length attrs members
----------  ----------- ---------- ----------- ----- -------
c0000000    c0000000    00018d00   00018d00    r-x
  c0000000    c0000000    00016760   00016760    r-x .text
  c0016760    c0016760    000025a0   000025a0    r-- .const
c0018d00    c0018d00    00004560   00000000    rw-
  c0018d00    c0018d00    00002560   00000000    rw- .far
  c001b260    c001b260    00002000   00000000    rw- .stack
c001d260    c001d260    00000874   00000874    rw-
  c001d260    c001d260    00000874   00000874    rw- .fardata
c001dad4    c001dad4    0000012c   0000012c    r--
  c001dad4    c001dad4    0000012c   0000012c    r-- .switch.1
c001dc00    c001dc00    00000230   00000230    r-x
  c001dc00    c001dc00    00000200   00000200    r-x .vecs
  c001de00    c001de00    00000030   00000030    r-- .switch.2
c001de30    c001de30    00000120   00000000    rw-
  c001de30    c001de30    00000120   00000000    rw- .cio
c001df50    c001df50    00000010   00000010    rw-
  c001df50    c001df50    00000010   00000010    rw- .neardata
c001df60    c001df60    00000004   00000004    r--
  c001df60    c001df60    00000004   00000004    r-- .rodata
c001df64    c001df64    0000046c   0000046c    r--
  c001df64    c001df64    0000046c   0000046c    r-- .cinit


SECTION ALLOCATION MAP

 output                                  attributes/
section   page    origin      length       input sections
--------  ----  ----------  ----------   ----------------
.init_array 
*          0    c0000000    00000000     UNINITIALIZED

xdc.meta   0    c0000000    00000100     COPY SECTION
                  c0000000    00000100     app_pe674.oe674 (xdc.meta)

.text      0    c0000000    00016760     
                  c0000000    00000f60     drivers.lib : emifa.obj (.text)
                  c0000f60    00000f20     uPP.lib : uPP.obj (.text)
                  c0001e80    00000b60     utils.lib : uartStdio.obj (.text)
                  c00029e0    000008a0     ti.targets.rts6000.ae674 : System.oe674 (.text:xdc_runtime_System_doPrint__I)
                  c0003280    00000780     sysbios.ae674 : BIOS.obj (.text:ti_sysbios_family_c64p_Exception_handler__I)
                  c0003a00    00000700                   : BIOS.obj (.text:ti_sysbios_knl_Semaphore_pend__E)
                  c0004100    00000660                   : BIOS.obj (.text:ti_sysbios_heaps_HeapMem_alloc__E)
                  c0004760    000005e0                   : BIOS.obj (.text:ti_sysbios_heaps_HeapMem_free__E)
                  c0004d40    000005c0     rts6740_elf.lib : _printfi.obj (.text:_getarg_diouxp)
                  c0005300    000005a0                     : divd.obj (.text:__c6xabi_divd)
                  c00058a0    000005a0     sysbios.ae674 : BIOS.obj (.text:ti_sysbios_knl_Task_Instance_finalize__F)
                  c0005e40    000005a0                   : BIOS.obj (.text:ti_sysbios_timers_timer64_Timer_Module_startup__F)
                  c00063e0    00000580     drivers.lib : gpio.obj (.text)
                  c0006960    00000580                 : uart.obj (.text)
                  c0006ee0    00000480     sysbios.ae674 : BIOS.obj (.text:ti_sysbios_knl_Task_Module_startup__F)
                  c0007360    00000460     rts6740_elf.lib : _printfi.obj (.text:_printfi)
                  c00077c0    00000460                     : _printfi.obj (.text:_setfield)
                  c0007c20    000003c0     sysbios.ae674 : BIOS.obj (.text:ti_sysbios_knl_Task_Instance_init__F)
                  c0007fe0    000003a0     rts6740_elf.lib : fputs.obj (.text:fputs)
                  c0008380    00000360     app_pe674.oe674 (.text:xdc_runtime_System_printfExtend__I)
                  c00086e0    00000320     rts6740_elf.lib : _printfi.obj (.text:_pproc_fge)
                  c0008a00    00000300     sysbios.ae674 : BIOS.obj (.text:ti_sysbios_knl_Swi_runLoop__I)
                  c0008d00    000002e0     rts6740_elf.lib : _printfi.obj (.text:_pproc_fwp)
                  c0008fe0    000002e0     sysbios.ae674 : BIOS.obj (.text:ti_sysbios_heaps_HeapMem_Instance_init__F)
                  c00092c0    000002a0     rts6740_elf.lib : _printfi.obj (.text:ecvt)
                  c0009560    000002a0                     : _printfi.obj (.text:fcvt)
                  c0009800    000002a0     sysbios.ae674 : BIOS.obj (.text:ti_sysbios_knl_Clock_workFunc__E)
                  c0009aa0    00000280                   : BIOS.obj (.text:ti_sysbios_family_c64p_Cache_Module_startup__F)
                  c0009d20    00000280                   : BIOS.obj (.text:ti_sysbios_timers_timer64_Timer_deviceConfig__I)
                  c0009fa0    00000280     ti.targets.rts6000.ae674 : Error.oe674 (.text:xdc_runtime_Error_raiseX__F)
                  c000a220    00000260     rts6740_elf.lib : imath64.obj (.text:__c6xabi_divull)
                  c000a480    00000260                     : _printfi.obj (.text:_pconv_e)
                  c000a6e0    00000260     dsp_fpga_emifa.obj (.text)
                  c000a940    00000260     sysbios.ae674 : BIOS.obj (.text:ti_sysbios_family_c64p_Hwi_dispatchCore__I)
                  c000aba0    00000260                   : BIOS.obj (.text:ti_sysbios_family_c64p_Hwi_reconfig__E)
                  c000ae00    00000260                   : BIOS.obj (.text:ti_sysbios_knl_Semaphore_post__E)
                  c000b060    00000260     ti.targets.rts6000.ae674 : Startup.oe674 (.text:xdc_runtime_Startup_startMods__I)
                  c000b2c0    00000240     rts6740_elf.lib : _printfi.obj (.text:_pproc_diouxp)
                  c000b500    00000240     sysbios.ae674 : BIOS.obj (.text:ti_sysbios_family_c64p_Exception_internalHandler__I)
                  c000b740    00000240     ti.targets.rts6000.ae674 : LoggerBuf.oe674 (.text:xdc_runtime_LoggerBuf_write8__F)
                  c000b980    00000220     rts6740_elf.lib : _printfi.obj (.text:_pproc_str)
                  c000bba0    00000220                     : fputc.obj (.text:fputc)
                  c000bdc0    00000220     sysbios.ae674 : BIOS.obj (.text:ti_sysbios_knl_Swi_run__I)
                  c000bfe0    00000220                   : BIOS.obj (.text:ti_sysbios_knl_Task_exit__E)
                  c000c200    00000220                   : BIOS.obj (.text:ti_sysbios_knl_Task_schedule__I)
                  c000c420    00000220                   : BIOS.obj (.text:ti_sysbios_knl_Task_startCore__E)
                  c000c640    00000220     ti.targets.rts6000.ae674 : Core-mem.oe674 (.text:xdc_runtime_Core_createObject__I)
                  c000c860    00000200     rts6740_elf.lib : _printfi.obj (.text:_pconv_g)
                  c000ca60    00000200     sysbios.ae674 : c64p_Hwi_disp_always.obj (.text:_ti_sysbios_family_c64p_Hwi_dispatchAlways)
                  c000cc60    00000200     main.obj (.text)
                  c000ce60    00000200     rts6740_elf.lib : setvbuf.obj (.text:setvbuf)
                  c000d060    00000200     sysbios.ae674 : BIOS.obj (.text:ti_sysbios_family_c64p_Cache_block__I)
                  c000d260    000001e0                   : BIOS.obj (.text:ti_sysbios_knl_Task_postInit__I)
                  c000d440    000001e0                   : BIOS.obj (.text:ti_sysbios_timers_timer64_Timer_getFreq__E)
                  c000d620    000001e0     uPP.obj (.text)
                  c000d800    000001c0     rts6740_elf.lib : _printfi.obj (.text:_mcpy)
                  c000d9c0    000001c0     sysbios.ae674 : BIOS.obj (.text:ti_sysbios_knl_Task_checkStacks__E)
                  c000db80    000001c0                   : BIOS.obj (.text:ti_sysbios_timers_timer64_Timer_setPeriodMicroSecs__E)
                  c000dd40    000001c0     ti.targets.rts6000.ae674 : Text.oe674 (.text:xdc_runtime_Text_putSite__F)
                  c000df00    000001a0     rts6740_elf.lib : imath40.obj (.text:__c6xabi_divul)
                  c000e0a0    000001a0     sysbios.ae674 : BIOS.obj (.text:ti_sysbios_gates_GateMutex_enter__E)
                  c000e240    000001a0                   : BIOS.obj (.text:ti_sysbios_knl_Task_unblockI__E)
                  c000e3e0    000001a0                   : BIOS.obj (.text:ti_sysbios_timers_timer64_Timer_start__E)
                  c000e580    000001a0     ti.targets.rts6000.ae674 : LoggerBuf.oe674 (.text:xdc_runtime_LoggerBuf_write4__F)
                  c000e720    00000180     rts6740_elf.lib : trgdrv.obj (.text:HOSTrename)
                  c000e8a0    00000180                     : copy_decompress_rle.obj (.text:__TI_decompress_rle_core)
                  c000ea20    00000180     platform.lib : UART.obj (.text)
                  c000eba0    00000180     sysbios.ae674 : c64p_Exception_asm.obj (.text)
                  c000ed20    00000160                   : BIOS.obj (.text:ti_sysbios_BIOS_rtsUnlock__I)
                  c000ee80    00000140     boot.ae674 : autoinit.oe674 (.text:_auto_init_elf)
                  c000efc0    00000140     rts6740_elf.lib : _printfi.obj (.text:_pproc_fflags)
                  c000f100    00000140     drivers.lib : psc.obj (.text)
                  c000f240    00000140     rts6740_elf.lib : lowlev.obj (.text:getdevice)
                  c000f380    00000140     sysbios.ae674 : BIOS.obj (.text:ti_sysbios_family_c64p_Hwi_Module_startup__F)
                  c000f4c0    00000140                   : BIOS.obj (.text:ti_sysbios_knl_Semaphore_Instance_init__F)
                  c000f600    00000140                   : BIOS.obj (.text:ti_sysbios_knl_Swi_post__E)
                  c000f740    00000140                   : BIOS.obj (.text:ti_sysbios_knl_Task_blockI__E)
                  c000f880    00000140     ti.targets.rts6000.ae674 : Text.oe674 (.text:xdc_runtime_Text_putLab__F)
                  c000f9c0    00000120     rts6740_elf.lib : fclose.obj (.text:_closefile)
                  c000fae0    00000120                     : _printfi.obj (.text:_ltostr)
                  c000fc00    00000120                     : fseek.obj (.text:fseek)
                  c000fd20    00000120     ti.targets.rts6000.ae674 : LoggerBuf.oe674 (.text:xdc_runtime_LoggerBuf_setFilterLevel__F)
                  c000fe40    00000120                              : Text.oe674 (.text:xdc_runtime_Text_putMod__F)
                  c000ff60    00000100     rts6740_elf.lib : trgdrv.obj (.text:HOSTlseek)
                  c0010060    00000100                     : _io_perm.obj (.text:_wrt_ok)
                  c0010160    00000100     sysbios.ae674 : BIOS.obj (.text:ti_sysbios_knl_Swi_restoreHwi__E)
                  c0010260    00000100                   : BIOS.obj (.text:ti_sysbios_timers_timer64_Timer_initDevice__I)
                  c0010360    00000100     ti.targets.rts6000.ae674 : Core-mem.oe674 (.text:xdc_runtime_Core_deleteObject__I)
                  c0010460    00000100                              : LoggerBuf.oe674 (.text:xdc_runtime_LoggerBuf_getFilterLevel__F)
                  c0010560    00000100                              : Startup.oe674 (.text:xdc_runtime_Startup_exec__F)
                  c0010660    00000100                              : Text.oe674 (.text:xdc_runtime_Text_visitRope2__I)
                  c0010760    000000e0     rts6740_elf.lib : trgdrv.obj (.text:HOSTopen)
                  c0010840    000000e0                     : atoi.obj (.text:atoi)
                  c0010920    000000e0                     : lowlev.obj (.text:close)
                  c0010a00    000000e0                     : copy_zero_init.obj (.text:decompress:ZI:__TI_zero_init)
                  c0010ae0    000000e0     dsp_fpga_notify.obj (.text)
                  c0010bc0    000000e0     rts6740_elf.lib : ltoa.obj (.text:ltoa)
                  c0010ca0    000000e0                     : memset.obj (.text:memset)
                  c0010d80    000000e0     platform.lib : UARTConsole.obj (.text)
                  c0010e60    000000e0     rts6740_elf.lib : printf.obj (.text:printf)
                  c0010f40    000000e0     sysbios.ae674 : BIOS.obj (.text:ti_sysbios_family_c64p_Hwi_Instance_finalize__F)
                  c0011020    000000e0                   : BIOS.obj (.text:ti_sysbios_family_c64p_Hwi_Instance_init__F)
                  c0011100    000000e0     app_pe674.oe674 (.text:ti_sysbios_family_c64p_Hwi_Object__create__S)
                  c00111e0    000000e0     app_pe674.oe674 (.text:ti_sysbios_hal_Hwi_Object__create__S)
                  c00112c0    000000e0     sysbios.ae674 : BIOS.obj (.text:ti_sysbios_timers_timer64_Timer_startup__E)
                  c00113a0    000000e0     ti.targets.rts6000.ae674 : Error.oe674 (.text:xdc_runtime_Error_print__F)
                  c0011480    000000e0                              : Memory.oe674 (.text:xdc_runtime_Memory_alloc__F)
                  c0011560    000000c0     rts6740_elf.lib : trgdrv.obj (.text:HOSTread)
                  c0011620    000000c0                     : trgdrv.obj (.text:HOSTunlink)
                  c00116e0    000000c0                     : trgdrv.obj (.text:HOSTwrite)
                  c00117a0    000000c0                     : dtor_list.obj (.text:_Z11__TI_atexitPFYvPvES_S_)
                  c0011860    000000c0                     : dtor_list.obj (.text:__cxa_finalize)
                  c0011920    000000c0                     : divu.obj (.text:__divu)
                  c00119e0    000000c0                     : _printfi.obj (.text:_div)
                  c0011aa0    000000c0                     : fflush.obj (.text:_doflush)
                  c0011b60    000000c0                     : exit.obj (.text:exit)
                  c0011c20    000000c0     sysbios.ae674 : BIOS.obj (.text:ti_sysbios_BIOS_errorRaiseHook__I)
                  c0011ce0    000000c0                   : BIOS.obj (.text:ti_sysbios_heaps_HeapMem_getStats__E)
                  c0011da0    000000c0                   : BIOS.obj (.text:ti_sysbios_knl_Clock_logTick__E)
                  c0011e60    000000c0                   : BIOS.obj (.text:ti_sysbios_knl_Swi_schedule__I)
                  c0011f20    000000c0     app_pe674.oe674 (.text:ti_sysbios_knl_Task_Object__create__S)
                  c0011fe0    000000c0     sysbios.ae674 : BIOS.obj (.text:ti_sysbios_knl_Task_allBlockedFunction__I)
                  c00120a0    000000c0                   : BIOS.obj (.text:ti_sysbios_timers_timer64_Timer_stop__E)
                  c0012160    000000c0     ti.targets.rts6000.ae674 : LoggerBuf.oe674 (.text:xdc_runtime_LoggerBuf_Instance_init__F)
                  c0012220    000000c0     app_pe674.oe674 (.text:xdc_runtime_LoggerBuf_Object__create__S)
                  c00122e0    000000c0     ti.targets.rts6000.ae674 : System.oe674 (.text:xdc_runtime_System_formatNum__I)
                  c00123a0    000000a0     rts6740_elf.lib : trgdrv.obj (.text:HOSTclose)
                  c0012440    000000a0                     : remu.obj (.text:__remu)
                  c00124e0    000000a0     boot.ae674 : boot.oe674 (.text:_c_int00)
                  c0012580    000000a0     rts6740_elf.lib : fopen.obj (.text:_cleanup)
                  c0012620    000000a0                     : _printfi.obj (.text:_ecpy)
                  c00126c0    000000a0                     : _printfi.obj (.text:_fcpy)
                  c0012760    000000a0                     : _printfi.obj (.text:_pconv_f)
                  c0012800    000000a0     sysbios.ae674 : c64p_Hwi_asm.obj (.text:_ti_sysbios_family_c64p_Hwi_plug__E)
                  c00128a0    000000a0     rts6740_elf.lib : lowlev.obj (.text:finddevice)
                  c0012940    000000a0                     : lowlev.obj (.text:lseek)
                  c00129e0    000000a0                     : memcpy64.obj (.text:memcpy)
                  c0012a80    000000a0     sysbios.ae674 : BIOS.obj (.text:ti_sysbios_family_c64p_Exception_Module_startup__F)
                  c0012b20    000000a0                   : BIOS.obj (.text:ti_sysbios_family_c64p_Hwi_getStackInfo__E)
                  c0012bc0    000000a0                   : BIOS.obj (.text:ti_sysbios_heaps_HeapMem_init__I)
                  c0012c60    000000a0                   : BIOS.obj (.text:ti_sysbios_knl_Idle_run__E)
                  c0012d00    000000a0     rts6740_elf.lib : lowlev.obj (.text:write)
                  c0012da0    000000a0     ti.targets.rts6000.ae674 : Assert.oe674 (.text:xdc_runtime_Assert_raise__I)
                  c0012e40    000000a0                              : LoggerBuf.oe674 (.text:xdc_runtime_LoggerBuf_Module_startup__F)
                  c0012ee0    000000a0     app_pe674.oe674 (.text:xdc_runtime_LoggerBuf_write8__E)
                  c0012f80    000000a0     ti.targets.rts6000.ae674 : SysMin.oe674 (.text:xdc_runtime_SysMin_abort__F)
                  c0013020    000000a0                              : SysMin.oe674 (.text:xdc_runtime_SysMin_flush__F)
                  c00130c0    000000a0                              : SysMin.oe674 (.text:xdc_runtime_SysMin_putch__F)
                  c0013160    000000a0                              : Text.oe674 (.text:xdc_runtime_Text_xprintf__I)
                  c0013200    00000080     rts6740_elf.lib : llshift.obj (.text:__c6xabi_llshl)
                  c0013280    00000080     sysbios.ae674 : c62_TaskSupport_asm.obj (.text:_ti_sysbios_family_c62_TaskSupport_swap__E)
                  c0013300    00000080     app_pe674.oe674 (.text:malloc)
                  c0013380    00000080     rts6740_elf.lib : trgmsg.obj (.text:readmsg)
                  c0013400    00000080     sysbios.ae674 : BIOS.obj (.text:ti_sysbios_BIOS_exit__E)
                  c0013480    00000080                   : BIOS.obj (.text:ti_sysbios_family_c62_TaskSupport_start__E)
                  c0013500    00000080                   : BIOS.obj (.text:ti_sysbios_family_c64p_Cache_invL1pAll__E)
                  c0013580    00000080                   : BIOS.obj (.text:ti_sysbios_family_c64p_Hwi_dispatchC__I)
                  c0013600    00000080     app_pe674.oe674 (.text:ti_sysbios_gates_GateHwi_Object__create__S)
                  c0013680    00000080     app_pe674.oe674 (.text:ti_sysbios_gates_GateMutex_Object__create__S)
                  c0013700    00000080     sysbios.ae674 : BIOS.obj (.text:ti_sysbios_hal_Hwi_checkStack:ti_sysbios_hal_Hwi_checkStack)
                  c0013780    00000080                   : BIOS.obj (.text:ti_sysbios_hal_Hwi_initStack:ti_sysbios_hal_Hwi_initStack)
                  c0013800    00000080     app_pe674.oe674 (.text:ti_sysbios_heaps_HeapMem_Object__create__S)
                  c0013880    00000080     app_pe674.oe674 (.text:ti_sysbios_knl_Queue_Object__create__S)
                  c0013900    00000080     app_pe674.oe674 (.text:ti_sysbios_knl_Semaphore_Object__create__S)
                  c0013980    00000080     sysbios.ae674 : BIOS.obj (.text:ti_sysbios_knl_Semaphore_pendTimeout__I)
                  c0013a00    00000080                   : BIOS.obj (.text:ti_sysbios_knl_Swi_startup__E)
                  c0013a80    00000080                   : BIOS.obj (.text:ti_sysbios_knl_Task_restore__E)
                  c0013b00    00000080                   : BIOS.obj (.text:ti_sysbios_timers_timer64_Timer_getPeriod__E)
                  c0013b80    00000080     rts6740_elf.lib : lowlev.obj (.text:unlink)
                  c0013c00    00000080     ti.targets.rts6000.ae674 : Core-label.oe674 (.text:xdc_runtime_Core_assignLabel__I)
                  c0013c80    00000080                              : Core-params.oe674 (.text:xdc_runtime_Core_assignParams__I)
                  c0013d00    00000080                              : LoggerBuf.oe674 (.text:xdc_runtime_LoggerBuf_filterOutEvent__I)
                  c0013d80    00000080                              : System.oe674 (.text:xdc_runtime_System_atexit__F)
                  c0013e00    00000080                              : System.oe674 (.text:xdc_runtime_System_putchar__I)
                  c0013e80    00000080                              : System.oe674 (.text:xdc_runtime_System_rtsExit__I)
                  c0013f00    00000080                              : Text.oe674 (.text:xdc_runtime_Text_printVisFxn__I)
                  c0013f80    00000060     rts6740_elf.lib : imath64.obj (.text:_subcull)
                  c0013fe0    00000060     sysbios.ae674 : c64p_Hwi_asm_switch.obj (.text:_ti_sysbios_family_c64p_Hwi_switchAndDispatch__I)
                  c0014040    00000060                   : c64p_Hwi_asm_switch.obj (.text:_ti_sysbios_family_xxx_Hwi_switchAndRunFunc)
                  c00140a0    00000060     app_pe674.oe674 (.text:calloc)
                  c0014100    00000060     rts6740_elf.lib : memccpy.obj (.text:memccpy)
                  c0014160    00000060     app_pe674.oe674 (.text:ti_sysbios_BIOS_exitFunc__I)
                  c00141c0    00000060     sysbios.ae674 : BIOS.obj (.text:ti_sysbios_BIOS_registerRTSLock__I)
                  c0014220    00000060                   : BIOS.obj (.text:ti_sysbios_family_c64p_Cache_setMar__E)
                  c0014280    00000060                   : BIOS.obj (.text:ti_sysbios_family_c64p_primus_TimerSupport_enable__E)
                  c00142e0    00000060                   : BIOS.obj (.text:ti_sysbios_gates_GateMutex_Instance_init__F)
                  c0014340    00000060                   : BIOS.obj (.text:ti_sysbios_hal_Hwi_Instance_init__F)
                  c00143a0    00000060     app_pe674.oe674 (.text:ti_sysbios_heaps_HeapMem_Object__get__S)
                  c0014400    00000060     sysbios.ae674 : BIOS.obj (.text:ti_sysbios_knl_Clock_Module_startup__F)
                  c0014460    00000060     app_pe674.oe674 (.text:ti_sysbios_knl_Clock_doTick__I)
                  c00144c0    00000060     app_pe674.oe674 (.text:ti_sysbios_knl_Queue_Object__get__S)
                  c0014520    00000060     sysbios.ae674 : BIOS.obj (.text:ti_sysbios_knl_Swi_Module_startup__F)
                  c0014580    00000060     app_pe674.oe674 (.text:ti_sysbios_knl_Swi_Object__get__S)
                  c00145e0    00000060     app_pe674.oe674 (.text:ti_sysbios_knl_Task_Object__get__S)
                  c0014640    00000060     sysbios.ae674 : BIOS.obj (.text:ti_sysbios_knl_Task_enter__I)
                  c00146a0    00000060     rts6740_elf.lib : trgmsg.obj (.text:writemsg)
                  c0014700    00000060     app_pe674.oe674 (.text:xdc_runtime_LoggerBuf_Object__get__S)
                  c0014760    00000060     ti.targets.rts6000.ae674 : Memory.oe674 (.text:xdc_runtime_Memory_calloc__F)
                  c00147c0    00000060                              : SysMin.oe674 (.text:xdc_runtime_SysMin_Module_startup__F)
                  c0014820    00000060                              : SysMin.oe674 (.text:xdc_runtime_SysMin_exit__F)
                  c0014880    00000060     app_pe674.oe674 (.text:xdc_runtime_SysMin_output__I)
                  c00148e0    00000060     ti.targets.rts6000.ae674 : System.oe674 (.text:xdc_runtime_System_avprintf__F)
                  c0014940    00000060                              : System.oe674 (.text:xdc_runtime_System_vprintf__F)
                  c00149a0    00000060                              : Text.oe674 (.text:xdc_runtime_Text_cordText__F)
                  c0014a00    00000040     rts6740_elf.lib : frcmpyd_div.obj (.text:__c6xabi_frcmpyd_div)
                  c0014a40    00000040                     : isinf.obj (.text:__c6xabi_isinf)
                  c0014a80    00000040                     : _printfi.obj (.text:__c6xabi_isnan)
                  c0014ac0    00000040                     : llshift.obj (.text:__c6xabi_llshru)
                  c0014b00    00000040                     : args_main.obj (.text:_args_main)
                  c0014b40    00000040     sysbios.ae674 : c62_TaskSupport_asm.obj (.text:_ti_sysbios_family_c62_TaskSupport_buildTaskStack)
                  c0014b80    00000040                   : c64p_Hwi_asm_switch.obj (.text:_ti_sysbios_family_xxx_Hwi_switchToIsrStack)
                  c0014bc0    00000040     app_pe674.oe674 (.text:free)
                  c0014c00    00000040     sysbios.ae674 : BIOS.obj (.text:ti_sysbios_BIOS_rtsLock__I)
                  c0014c40    00000040     app_pe674.oe674 (.text:ti_sysbios_BIOS_startFunc__I)
                  c0014c80    00000040     app_pe674.oe674 (.text:ti_sysbios_family_c64p_Hwi_Module__startupDone__F)
                  c0014cc0    00000040     app_pe674.oe674 (.text:ti_sysbios_family_c64p_Hwi_Object__delete__S)
                  c0014d00    00000040     sysbios.ae674 : BIOS.obj (.text:ti_sysbios_family_c64p_Hwi_disableInterrupt__E)
                  c0014d40    00000040                   : BIOS.obj (.text:ti_sysbios_family_c64p_Hwi_enableInterrupt__E)
                  c0014d80    00000040     app_pe674.oe674 (.text:ti_sysbios_gates_GateHwi_Handle__label__S)
                  c0014dc0    00000040     app_pe674.oe674 (.text:ti_sysbios_gates_GateHwi_Object__delete__S)
                  c0014e00    00000040     app_pe674.oe674 (.text:ti_sysbios_gates_GateMutex_Handle__label__S)
                  c0014e40    00000040     app_pe674.oe674 (.text:ti_sysbios_gates_GateMutex_Object__delete__S)
                  c0014e80    00000040     sysbios.ae674 : BIOS.obj (.text:ti_sysbios_gates_GateMutex_leave__E)
                  c0014ec0    00000040     app_pe674.oe674 (.text:ti_sysbios_hal_Hwi_HwiProxy_Object__create__S)
                  c0014f00    00000040     sysbios.ae674 : BIOS.obj (.text:ti_sysbios_hal_Hwi_Instance_finalize__F)
                  c0014f40    00000040     app_pe674.oe674 (.text:ti_sysbios_hal_Hwi_Params__init__S)
                  c0014f80    00000040     app_pe674.oe674 (.text:ti_sysbios_hal_Timer_Module__startupDone__F)
                  c0014fc0    00000040     app_pe674.oe674 (.text:ti_sysbios_heaps_HeapMem_Handle__label__S)
                  c0015000    00000040     app_pe674.oe674 (.text:ti_sysbios_heaps_HeapMem_Object__delete__S)
                  c0015040    00000040     app_pe674.oe674 (.text:ti_sysbios_knl_Queue_Object__destruct__S)
                  c0015080    00000040     app_pe674.oe674 (.text:ti_sysbios_knl_Semaphore_Object__destruct__S)
                  c00150c0    00000040     app_pe674.oe674 (.text:ti_sysbios_knl_Task_Params__init__S)
                  c0015100    00000040     app_pe674.oe674 (.text:ti_sysbios_timers_timer64_Timer_Module__startupDone__F)
                  c0015140    00000040     ti.targets.rts6000.ae674 : Error.oe674 (.text:xdc_runtime_Error_check__F)
                  c0015180    00000040                              : Error.oe674 (.text:xdc_runtime_Error_init__F)
                  c00151c0    00000040     app_pe674.oe674 (.text:xdc_runtime_Error_raiseX__E)
                  c0015200    00000040     app_pe674.oe674 (.text:xdc_runtime_IHeap_alloc)
                  c0015240    00000040     app_pe674.oe674 (.text:xdc_runtime_IHeap_free)
                  c0015280    00000040     app_pe674.oe674 (.text:xdc_runtime_LoggerBuf_Handle__label__S)
                  c00152c0    00000040     ti.targets.rts6000.ae674 : LoggerBuf.oe674 (.text:xdc_runtime_LoggerBuf_Instance_finalize__F)
                  c0015300    00000040     app_pe674.oe674 (.text:xdc_runtime_LoggerBuf_Object__delete__S)
                  c0015340    00000040     app_pe674.oe674 (.text:xdc_runtime_LoggerBuf_setFilterLevel__E)
                  c0015380    00000040     ti.targets.rts6000.ae674 : LoggerBuf.oe674 (.text:xdc_runtime_LoggerBuf_write0__F)
                  c00153c0    00000040     app_pe674.oe674 (.text:xdc_runtime_LoggerBuf_write1__E)
                  c0015400    00000040     app_pe674.oe674 (.text:xdc_runtime_LoggerBuf_write2__E)
                  c0015440    00000040     app_pe674.oe674 (.text:xdc_runtime_LoggerBuf_write4__E)
                  c0015480    00000040     ti.targets.rts6000.ae674 : Memory.oe674 (.text:xdc_runtime_Memory_free__F)
                  c00154c0    00000040                              : Registry.oe674 (.text:xdc_runtime_Registry_findById__F)
                  c0015500    00000040     app_pe674.oe674 (.text:xdc_runtime_Startup_exec__I)
                  c0015540    00000040     ti.targets.rts6000.ae674 : System.oe674 (.text:xdc_runtime_System_abort__F)
                  c0015580    00000040     app_pe674.oe674 (.text:xdc_runtime_System_aprintf__E)
                  c00155c0    00000040     app_pe674.oe674 (.text:xdc_runtime_System_printf__E)
                  c0015600    00000040     ti.targets.rts6000.ae674 : Text.oe674 (.text:xdc_runtime_Text_ropeText__F)
                  c0015640    00000040     app_pe674.oe674 (.text:xdc_runtime_Text_visitRope__I)
                  c0015680    00000020     rts6740_elf.lib : negll.obj (.text:__c6xabi_negll)
                  c00156a0    00000020                     : dtor_list.obj (.text:__cxa_atexit)
                  c00156c0    00000020                     : dtor_list.obj (.text:__cxa_ia64_exit)
                  c00156e0    00000020     ti.targets.rts6000.ae674 : xdc_noinit.oe674 (.text:__xdc__init)
                  c0015700    00000020     rts6740_elf.lib : _lock.obj (.text:_nop)
                  c0015720    00000020                     : printf.obj (.text:_outc)
                  c0015740    00000020                     : printf.obj (.text:_outs)
                  c0015760    00000020                     : _lock.obj (.text:_register_lock)
                  c0015780    00000020                     : _lock.obj (.text:_register_unlock)
                  c00157a0    00000020     sysbios.ae674 : c62_TaskSupport_asm.obj (.text:_ti_sysbios_family_c62_TaskSupport_glue)
                  c00157c0    00000020                   : c64p_Hwi_asm_switch.obj (.text:_ti_sysbios_family_xxx_Hwi_switchToTaskStack)
                  c00157e0    00000020     rts6740_elf.lib : exit.obj (.text:abort)
                  c0015800    00000020                     : dtor_list.obj (.text:atexit)
                  c0015820    00000020                     : copy_decompress_none.obj (.text:decompress:none:__TI_decompress_none)
                  c0015840    00000020                     : copy_decompress_rle.obj (.text:decompress:rle24:__TI_decompress_rle24)
                  c0015860    00000020     app_pe674.oe674 (.text:ti_sysbios_BIOS_RtsGateProxy_enter__E)
                  c0015880    00000020     app_pe674.oe674 (.text:ti_sysbios_BIOS_RtsGateProxy_leave__E)
                  c00158a0    00000020     sysbios.ae674 : BIOS.obj (.text:ti_sysbios_BIOS_nullFunc__I)
                  c00158c0    00000020                   : BIOS.obj (.text:ti_sysbios_BIOS_setThreadType__E)
                  c00158e0    00000020                   : BIOS.obj (.text:ti_sysbios_BIOS_start__E)
                  c0015900    00000020     app_pe674.oe674 (.text:ti_sysbios_family_c62_TaskSupport_Module__startupDone__S)
                  c0015920    00000020     sysbios.ae674 : BIOS.obj (.text:ti_sysbios_family_c62_TaskSupport_checkStack__E)
                  c0015940    00000020                   : BIOS.obj (.text:ti_sysbios_family_c62_TaskSupport_getStackAlignment__E)
                  c0015960    00000020     app_pe674.oe674 (.text:ti_sysbios_family_c64p_Cache_Module_startup__E)
                  c0015980    00000020     sysbios.ae674 : BIOS.obj (.text:ti_sysbios_family_c64p_Cache_wbInv__E)
                  c00159a0    00000020     app_pe674.oe674 (.text:ti_sysbios_family_c64p_Exception_Module_startup__E)
                  c00159c0    00000020     app_pe674.oe674 (.text:ti_sysbios_family_c64p_Hwi_Module__startupDone__S)
                  c00159e0    00000020     app_pe674.oe674 (.text:ti_sysbios_family_c64p_Hwi_Module_startup__E)
                  c0015a00    00000020     sysbios.ae674 : BIOS.obj (.text:ti_sysbios_family_c64p_Hwi_clearInterrupt__E)
                  c0015a20    00000020                   : BIOS.obj (.text:ti_sysbios_family_c64p_Hwi_startup__E)
                  c0015a40    00000020                   : BIOS.obj (.text:ti_sysbios_family_c64p_Hwi_switchFromBootStack__E)
                  c0015a60    00000020                   : BIOS.obj (.text:ti_sysbios_family_c64p_Hwi_unPluggedInterrupt__I)
                  c0015a80    00000020     app_pe674.oe674 (.text:ti_sysbios_family_c64p_TimestampProvider_Module_startup__E)
                  c0015aa0    00000020     sysbios.ae674 : BIOS.obj (.text:ti_sysbios_family_c64p_TimestampProvider_Module_startup__F)
                  c0015ac0    00000020                   : BIOS.obj (.text:ti_sysbios_family_c64p_TimestampProvider_get64__E)
                  c0015ae0    00000020                   : BIOS.obj (.text:ti_sysbios_gates_GateHwi_Instance_init__F)
                  c0015b00    00000020                   : BIOS.obj (.text:ti_sysbios_gates_GateHwi_enter__E)
                  c0015b20    00000020                   : BIOS.obj (.text:ti_sysbios_gates_GateHwi_leave__E)
                  c0015b40    00000020     app_pe674.oe674 (.text:ti_sysbios_gates_GateHwi_query__E)
                  c0015b60    00000020     sysbios.ae674 : BIOS.obj (.text:ti_sysbios_gates_GateHwi_query__F)
                  c0015b80    00000020                   : BIOS.obj (.text:ti_sysbios_gates_GateMutex_Instance_finalize__F)
                  c0015ba0    00000020     app_pe674.oe674 (.text:ti_sysbios_gates_GateMutex_query__E)
                  c0015bc0    00000020     sysbios.ae674 : BIOS.obj (.text:ti_sysbios_gates_GateMutex_query__F)
                  c0015be0    00000020     app_pe674.oe674 (.text:ti_sysbios_hal_Hwi_HwiProxy_Module__startupDone__S)
                  c0015c00    00000020     app_pe674.oe674 (.text:ti_sysbios_hal_Hwi_HwiProxy_Object__delete__S)
                  c0015c20    00000020     app_pe674.oe674 (.text:ti_sysbios_hal_Hwi_HwiProxy_clearInterrupt__E)
                  c0015c40    00000020     app_pe674.oe674 (.text:ti_sysbios_hal_Hwi_HwiProxy_disableInterrupt__E)
                  c0015c60    00000020     app_pe674.oe674 (.text:ti_sysbios_hal_Hwi_HwiProxy_enableInterrupt__E)
                  c0015c80    00000020     app_pe674.oe674 (.text:ti_sysbios_hal_Hwi_HwiProxy_getStackInfo__E)
                  c0015ca0    00000020     app_pe674.oe674 (.text:ti_sysbios_hal_Hwi_HwiProxy_startup__E)
                  c0015cc0    00000020     app_pe674.oe674 (.text:ti_sysbios_hal_Hwi_HwiProxy_switchFromBootStack__E)
                  c0015ce0    00000020     app_pe674.oe674 (.text:ti_sysbios_hal_Hwi_Module_startup__E)
                  c0015d00    00000020     sysbios.ae674 : BIOS.obj (.text:ti_sysbios_hal_Hwi_Module_startup__F)
                  c0015d20    00000020     app_pe674.oe674 (.text:ti_sysbios_hal_Timer_Module__startupDone__S)
                  c0015d40    00000020     app_pe674.oe674 (.text:ti_sysbios_hal_Timer_Module_startup__E)
                  c0015d60    00000020     sysbios.ae674 : BIOS.obj (.text:ti_sysbios_hal_Timer_Module_startup__F)
                  c0015d80    00000020     app_pe674.oe674 (.text:ti_sysbios_hal_Timer_TimerProxy_Module__startupDone__S)
                  c0015da0    00000020     app_pe674.oe674 (.text:ti_sysbios_hal_Timer_TimerProxy_getPeriod__E)
                  c0015dc0    00000020     app_pe674.oe674 (.text:ti_sysbios_hal_Timer_TimerProxy_startup__E)
                  c0015de0    00000020     app_pe674.oe674 (.text:ti_sysbios_heaps_HeapMem_Module_GateProxy_enter__E)
                  c0015e00    00000020     app_pe674.oe674 (.text:ti_sysbios_heaps_HeapMem_Module_GateProxy_leave__E)
                  c0015e20    00000020     app_pe674.oe674 (.text:ti_sysbios_heaps_HeapMem_Module_GateProxy_query__E)
                  c0015e40    00000020     sysbios.ae674 : BIOS.obj (.text:ti_sysbios_heaps_HeapMem_isBlocking__E)
                  c0015e60    00000020     app_pe674.oe674 (.text:ti_sysbios_knl_Clock_Module_State_clockQ)
                  c0015e80    00000020     app_pe674.oe674 (.text:ti_sysbios_knl_Clock_Module_startup__E)
                  c0015ea0    00000020     sysbios.ae674 : BIOS.obj (.text:ti_sysbios_knl_Idle_loop__E)
                  c0015ec0    00000020                   : BIOS.obj (.text:ti_sysbios_knl_Queue_Instance_init__F)
                  c0015ee0    00000020                   : BIOS.obj (.text:ti_sysbios_knl_Queue_empty__E)
                  c0015f00    00000020                   : BIOS.obj (.text:ti_sysbios_knl_Semaphore_Instance_finalize__F)
                  c0015f20    00000020     app_pe674.oe674 (.text:ti_sysbios_knl_Swi_Module_startup__E)
                  c0015f40    00000020     sysbios.ae674 : BIOS.obj (.text:ti_sysbios_knl_Swi_disable__E)
                  c0015f60    00000020     app_pe674.oe674 (.text:ti_sysbios_knl_Task_Module_startup__E)
                  c0015f80    00000020     app_pe674.oe674 (.text:ti_sysbios_knl_Task_SupportProxy_Module__startupDone__S)
                  c0015fa0    00000020     app_pe674.oe674 (.text:ti_sysbios_knl_Task_SupportProxy_checkStack__E)
                  c0015fc0    00000020     app_pe674.oe674 (.text:ti_sysbios_knl_Task_SupportProxy_getStackAlignment__E)
                  c0015fe0    00000020     app_pe674.oe674 (.text:ti_sysbios_knl_Task_SupportProxy_start__E)
                  c0016000    00000020     app_pe674.oe674 (.text:ti_sysbios_knl_Task_SupportProxy_swap__E)
                  c0016020    00000020     sysbios.ae674 : BIOS.obj (.text:ti_sysbios_knl_Task_disable__E)
                  c0016040    00000020                   : BIOS.obj (.text:ti_sysbios_knl_Task_startup__E)
                  c0016060    00000020     app_pe674.oe674 (.text:ti_sysbios_timers_timer64_Timer_Module__startupDone__S)
                  c0016080    00000020     app_pe674.oe674 (.text:ti_sysbios_timers_timer64_Timer_Module_startup__E)
                  c00160a0    00000020     app_pe674.oe674 (.text:ti_sysbios_timers_timer64_Timer_TimerSupportProxy_enable__E)
                  c00160c0    00000020     app_pe674.oe674 (.text:xdc_iargToPtr)
                  c00160e0    00000020     app_pe674.oe674 (.text:xdc_runtime_Error_check__E)
                  c0016100    00000020     app_pe674.oe674 (.text:xdc_runtime_Error_init__E)
                  c0016120    00000020     app_pe674.oe674 (.text:xdc_runtime_Error_print__E)
                  c0016140    00000020     app_pe674.oe674 (.text:xdc_runtime_Gate_enterSystem__E)
                  c0016160    00000020     ti.targets.rts6000.ae674 : Gate.oe674 (.text:xdc_runtime_Gate_enterSystem__F)
                  c0016180    00000020     app_pe674.oe674 (.text:xdc_runtime_Gate_leaveSystem__E)
                  c00161a0    00000020     ti.targets.rts6000.ae674 : Gate.oe674 (.text:xdc_runtime_Gate_leaveSystem__F)
                  c00161c0    00000020     app_pe674.oe674 (.text:xdc_runtime_LoggerBuf_Module_GateProxy_enter__E)
                  c00161e0    00000020     app_pe674.oe674 (.text:xdc_runtime_LoggerBuf_Module_GateProxy_leave__E)
                  c0016200    00000020     app_pe674.oe674 (.text:xdc_runtime_LoggerBuf_Module_startup__E)
                  c0016220    00000020     app_pe674.oe674 (.text:xdc_runtime_LoggerBuf_TimestampProxy_get64__E)
                  c0016240    00000020     app_pe674.oe674 (.text:xdc_runtime_LoggerBuf_disable__E)
                  c0016260    00000020     ti.targets.rts6000.ae674 : LoggerBuf.oe674 (.text:xdc_runtime_LoggerBuf_disable__F)
                  c0016280    00000020     app_pe674.oe674 (.text:xdc_runtime_LoggerBuf_enable__E)
                  c00162a0    00000020     ti.targets.rts6000.ae674 : LoggerBuf.oe674 (.text:xdc_runtime_LoggerBuf_enable__F)
                  c00162c0    00000020     app_pe674.oe674 (.text:xdc_runtime_LoggerBuf_getFilterLevel__E)
                  c00162e0    00000020     app_pe674.oe674 (.text:xdc_runtime_LoggerBuf_write0__E)
                  c0016300    00000020     ti.targets.rts6000.ae674 : LoggerBuf.oe674 (.text:xdc_runtime_LoggerBuf_write1__F)
                  c0016320    00000020                              : LoggerBuf.oe674 (.text:xdc_runtime_LoggerBuf_write2__F)
                  c0016340    00000020     app_pe674.oe674 (.text:xdc_runtime_Memory_HeapProxy_alloc__E)
                  c0016360    00000020     app_pe674.oe674 (.text:xdc_runtime_Memory_HeapProxy_free__E)
                  c0016380    00000020     app_pe674.oe674 (.text:xdc_runtime_Memory_alloc__E)
                  c00163a0    00000020     app_pe674.oe674 (.text:xdc_runtime_Memory_calloc__E)
                  c00163c0    00000020     app_pe674.oe674 (.text:xdc_runtime_Memory_free__E)
                  c00163e0    00000020     app_pe674.oe674 (.text:xdc_runtime_Registry_findById__E)
                  c0016400    00000020     app_pe674.oe674 (.text:xdc_runtime_Startup_exec__E)
                  c0016420    00000020     app_pe674.oe674 (.text:xdc_runtime_Startup_reset__I)
                  c0016440    00000020     app_pe674.oe674 (.text:xdc_runtime_SysMin_Module_startup__E)
                  c0016460    00000020     app_pe674.oe674 (.text:xdc_runtime_SysMin_abort__E)
                  c0016480    00000020     app_pe674.oe674 (.text:xdc_runtime_SysMin_exit__E)
                  c00164a0    00000020     app_pe674.oe674 (.text:xdc_runtime_SysMin_putch__E)
                  c00164c0    00000020     app_pe674.oe674 (.text:xdc_runtime_SysMin_ready__E)
                  c00164e0    00000020     ti.targets.rts6000.ae674 : SysMin.oe674 (.text:xdc_runtime_SysMin_ready__F)
                  c0016500    00000020     app_pe674.oe674 (.text:xdc_runtime_System_Module_GateProxy_enter__E)
                  c0016520    00000020     app_pe674.oe674 (.text:xdc_runtime_System_Module_GateProxy_leave__E)
                  c0016540    00000020     app_pe674.oe674 (.text:xdc_runtime_System_Module_startup__E)
                  c0016560    00000020     ti.targets.rts6000.ae674 : System.oe674 (.text:xdc_runtime_System_Module_startup__F)
                  c0016580    00000020     app_pe674.oe674 (.text:xdc_runtime_System_SupportProxy_abort__E)
                  c00165a0    00000020     app_pe674.oe674 (.text:xdc_runtime_System_SupportProxy_exit__E)
                  c00165c0    00000020     app_pe674.oe674 (.text:xdc_runtime_System_SupportProxy_putch__E)
                  c00165e0    00000020     app_pe674.oe674 (.text:xdc_runtime_System_SupportProxy_ready__E)
                  c0016600    00000020     app_pe674.oe674 (.text:xdc_runtime_System_abort__E)
                  c0016620    00000020     app_pe674.oe674 (.text:xdc_runtime_System_atexit__E)
                  c0016640    00000020     app_pe674.oe674 (.text:xdc_runtime_System_exit__E)
                  c0016660    00000020     ti.targets.rts6000.ae674 : System.oe674 (.text:xdc_runtime_System_exit__F)
                  c0016680    00000020                              : System.oe674 (.text:xdc_runtime_System_lastFxn__I)
                  c00166a0    00000020     app_pe674.oe674 (.text:xdc_runtime_System_vsnprintf__E)
                  c00166c0    00000020     ti.targets.rts6000.ae674 : System.oe674 (.text:xdc_runtime_System_vsnprintf__F)
                  c00166e0    00000020     app_pe674.oe674 (.text:xdc_runtime_Text_cordText__E)
                  c0016700    00000020     app_pe674.oe674 (.text:xdc_runtime_Text_putLab__E)
                  c0016720    00000020     app_pe674.oe674 (.text:xdc_runtime_Text_putSite__E)
                  c0016740    00000020     app_pe674.oe674 (.text:xdc_runtime_Text_ropeText__E)

.const     0    c0016760    000025a0     
                  c0016760    000015de     app_pe674.oe674 (.const:xdc_runtime_Text_charTab__A)
                  c0017d3e    00000002     app_pe674.oe674 (.const:ti_sysbios_BIOS_Module__id__C)
                  c0017d40    00000518     sysbios.ae674 : BIOS.obj (.const:.string)
                  c0018258    00000101     rts6740_elf.lib : ctype.obj (.const:.string:_ctypes_)
                  c0018359    00000001     --HOLE-- [fill = 0]
                  c001835a    00000002     app_pe674.oe674 (.const:ti_sysbios_family_c64p_Exception_Module__id__C)
                  c001835c    00000004     ti.targets.rts6000.ae674 : Assert.oe674 (.const:.string)
                  c0018360    000000c4     app_pe674.oe674 (.const:xdc_runtime_Text_nodeTab__A)
                  c0018424    000000a0     uPP.lib : uPP.obj (.const:.string)
                  c00184c4    00000058     ti.targets.rts6000.ae674 : Error.oe674 (.const:.string)
                  c001851c    00000048     app_pe674.oe674 (.const:.string)
                  c0018564    00000040     ti.targets.rts6000.ae674 : Text.oe674 (.const:.string)
                  c00185a4    0000003c     app_pe674.oe674 (.const:ti_sysbios_knl_Task_Object__PARAMS__C)
                  c00185e0    0000003c     app_pe674.oe674 (.const:xdc_runtime_LoggerBuf_Module__FXNS__C)
                  c001861c    00000004     app_pe674.oe674 (.const:ti_sysbios_BIOS_Module__diagsEnabled__C)
                  c0018620    00000034     app_pe674.oe674 (.const:xdc_runtime_Startup_sfxnTab__A)
                  c0018654    00000030     app_pe674.oe674 (.const:ti_sysbios_family_c64p_Hwi_Object__PARAMS__C)
                  c0018684    0000002c     main.obj (.const:.string)
                  c00186b0    0000002c     ti.targets.rts6000.ae674 : Startup.oe674 (.const:.string)
                  c00186dc    0000002c     app_pe674.oe674 (.const:ti_sysbios_hal_Hwi_Object__PARAMS__C)
                  c0018708    00000028     app_pe674.oe674 (.const:ti_sysbios_heaps_HeapMem_Module__FXNS__C)
                  c0018730    00000028     app_pe674.oe674 (.const:xdc_runtime_LoggerBuf_Object__PARAMS__C)
                  c0018758    00000024     app_pe674.oe674 (.const:ti_sysbios_gates_GateHwi_Module__FXNS__C)
                  c001877c    00000024     app_pe674.oe674 (.const:ti_sysbios_gates_GateMutex_Module__FXNS__C)
                  c00187a0    00000024     app_pe674.oe674 (.const:ti_sysbios_heaps_HeapMem_Object__PARAMS__C)
                  c00187c4    00000024     app_pe674.oe674 (.const:ti_sysbios_knl_Semaphore_Object__PARAMS__C)
                  c00187e8    00000023     rts6740_elf.lib : _printfi.obj (.const:.string)
                  c001880b    00000001     --HOLE-- [fill = 0]
                  c001880c    00000020     app_pe674.oe674 (.const:ti_sysbios_family_c64p_Hwi_Object__DESC__C)
                  c001882c    00000020     app_pe674.oe674 (.const:ti_sysbios_gates_GateHwi_Object__DESC__C)
                  c001884c    00000020     app_pe674.oe674 (.const:ti_sysbios_gates_GateMutex_Object__DESC__C)
                  c001886c    00000020     app_pe674.oe674 (.const:ti_sysbios_hal_Hwi_Object__DESC__C)
                  c001888c    00000020     app_pe674.oe674 (.const:ti_sysbios_heaps_HeapMem_Object__DESC__C)
                  c00188ac    00000020     app_pe674.oe674 (.const:ti_sysbios_knl_Queue_Object__DESC__C)
                  c00188cc    00000020     app_pe674.oe674 (.const:ti_sysbios_knl_Semaphore_Object__DESC__C)
                  c00188ec    00000020     app_pe674.oe674 (.const:ti_sysbios_knl_Task_Object__DESC__C)
                  c001890c    00000020     app_pe674.oe674 (.const:xdc_runtime_LoggerBuf_Object__DESC__C)
                  c001892c    0000001c     utils.lib : uartStdio.obj (.const:.string)
                  c0018948    0000001a     app_pe674.oe674 (.const:xdc_runtime_Startup_sfxnRts__A)
                  c0018962    00000002     app_pe674.oe674 (.const:ti_sysbios_family_c64p_Exception_useInternalBuffer__C)
                  c0018964    00000018     app_pe674.oe674 (.const:ti_sysbios_gates_GateHwi_Object__PARAMS__C)
                  c001897c    00000018     app_pe674.oe674 (.const:ti_sysbios_gates_GateMutex_Object__PARAMS__C)
                  c0018994    00000018     app_pe674.oe674 (.const:ti_sysbios_knl_Queue_Object__PARAMS__C)
                  c00189ac    00000004     app_pe674.oe674 (.const:ti_sysbios_BIOS_Module__diagsIncluded__C)
                  c00189b0    00000018     app_pe674.oe674 (.const:ti_sysbios_knl_Task_hooks__A)
                  c00189c8    00000014     uPP.obj (.const:.string)
                  c00189dc    00000004     app_pe674.oe674 (.const:ti_sysbios_BIOS_Module__diagsMask__C)
                  c00189e0    00000011     ti.targets.rts6000.ae674 : System.oe674 (.const:digtohex)
                  c00189f1    00000001     --HOLE-- [fill = 0]
                  c00189f2    00000002     app_pe674.oe674 (.const:ti_sysbios_family_c64p_Hwi_Module__id__C)
                  c00189f4    0000000c     app_pe674.oe674 (.const:ti_sysbios_family_c64p_Cache_initSize__C)
                  c0018a00    00000008     ti.targets.rts6000.ae674 : System.oe674 (.const:.string)
                  c0018a08    00000008     app_pe674.oe674 (.const:ti_sysbios_knl_Idle_coreList__C)
                  c0018a10    00000008     app_pe674.oe674 (.const:ti_sysbios_knl_Idle_funcList__C)
                  c0018a18    00000008     app_pe674.oe674 (.const:ti_sysbios_knl_Task_hooks__C)
                  c0018a20    00000008     app_pe674.oe674 (.const:xdc_runtime_Startup_firstFxns__A)
                  c0018a28    00000008     app_pe674.oe674 (.const:xdc_runtime_Startup_firstFxns__C)
                  c0018a30    00000008     app_pe674.oe674 (.const:xdc_runtime_Startup_lastFxns__C)
                  c0018a38    00000004     app_pe674.oe674 (.const:ti_sysbios_BIOS_installedErrorHook__C)
                  c0018a3c    00000004     app_pe674.oe674 (.const:ti_sysbios_family_c62_TaskSupport_stackAlignment__C)
                  c0018a40    00000004     app_pe674.oe674 (.const:ti_sysbios_family_c64p_Cache_EMIFA_BASE__C)
                  c0018a44    00000004     app_pe674.oe674 (.const:ti_sysbios_family_c64p_Cache_EMIFA_CFG__C)
                  c0018a48    00000004     app_pe674.oe674 (.const:ti_sysbios_family_c64p_Cache_EMIFA_LENGTH__C)
                  c0018a4c    00000004     app_pe674.oe674 (.const:ti_sysbios_family_c64p_Cache_EMIFB_BASE__C)
                  c0018a50    00000004     app_pe674.oe674 (.const:ti_sysbios_family_c64p_Cache_EMIFB_CFG__C)
                  c0018a54    00000004     app_pe674.oe674 (.const:ti_sysbios_family_c64p_Cache_EMIFB_LENGTH__C)
                  c0018a58    00000004     app_pe674.oe674 (.const:ti_sysbios_family_c64p_Cache_EMIFC_BASE__C)
                  c0018a5c    00000004     app_pe674.oe674 (.const:ti_sysbios_family_c64p_Cache_EMIFC_CFG__C)
                  c0018a60    00000004     app_pe674.oe674 (.const:ti_sysbios_family_c64p_Cache_EMIFC_LENGTH__C)
                  c0018a64    00000004     app_pe674.oe674 (.const:ti_sysbios_family_c64p_Cache_MAR0_31__C)
                  c0018a68    00000004     app_pe674.oe674 (.const:ti_sysbios_family_c64p_Cache_MAR128_159__C)
                  c0018a6c    00000004     app_pe674.oe674 (.const:ti_sysbios_family_c64p_Cache_MAR160_191__C)
                  c0018a70    00000004     app_pe674.oe674 (.const:ti_sysbios_family_c64p_Cache_MAR192_223__C)
                  c0018a74    00000004     app_pe674.oe674 (.const:ti_sysbios_family_c64p_Cache_MAR224_255__C)
                  c0018a78    00000004     app_pe674.oe674 (.const:ti_sysbios_family_c64p_Cache_MAR32_63__C)
                  c0018a7c    00000004     app_pe674.oe674 (.const:ti_sysbios_family_c64p_Cache_MAR64_95__C)
                  c0018a80    00000004     app_pe674.oe674 (.const:ti_sysbios_family_c64p_Cache_MAR96_127__C)
                  c0018a84    00000004     app_pe674.oe674 (.const:ti_sysbios_family_c64p_Exception_E_exceptionMax__C)
                  c0018a88    00000004     app_pe674.oe674 (.const:ti_sysbios_family_c64p_Exception_exceptionHook__C)
                  c0018a8c    00000004     app_pe674.oe674 (.const:ti_sysbios_family_c64p_Exception_externalHook__C)
                  c0018a90    00000004     app_pe674.oe674 (.const:ti_sysbios_family_c64p_Exception_internalHook__C)
                  c0018a94    00000004     app_pe674.oe674 (.const:ti_sysbios_family_c64p_Exception_nmiHook__C)
                  c0018a98    00000004     app_pe674.oe674 (.const:ti_sysbios_family_c64p_Hwi_E_alreadyDefined__C)
                  c0018a9c    00000004     app_pe674.oe674 (.const:ti_sysbios_family_c64p_Hwi_E_handleNotFound__C)
                  c0018aa0    00000004     app_pe674.oe674 (.const:ti_sysbios_family_c64p_Hwi_LD_end__C)
                  c0018aa4    00000004     app_pe674.oe674 (.const:ti_sysbios_family_c64p_Hwi_LM_begin__C)
                  c0018aa8    00000004     app_pe674.oe674 (.const:ti_sysbios_family_c64p_Hwi_Module__diagsEnabled__C)
                  c0018aac    00000004     app_pe674.oe674 (.const:ti_sysbios_family_c64p_Hwi_Module__diagsIncluded__C)
                  c0018ab0    00000004     app_pe674.oe674 (.const:ti_sysbios_family_c64p_Hwi_Module__diagsMask__C)
                  c0018ab4    00000004     app_pe674.oe674 (.const:ti_sysbios_family_c64p_Hwi_Module__loggerFxn1__C)
                  c0018ab8    00000004     app_pe674.oe674 (.const:ti_sysbios_family_c64p_Hwi_Module__loggerFxn8__C)
                  c0018abc    00000004     app_pe674.oe674 (.const:ti_sysbios_family_c64p_Hwi_Module__loggerObj__C)
                  c0018ac0    00000004     app_pe674.oe674 (.const:ti_sysbios_gates_GateMutex_A_badContext__C)
                  c0018ac4    00000004     app_pe674.oe674 (.const:ti_sysbios_gates_GateMutex_Instance_State_sem__O)
                  c0018ac8    00000004     app_pe674.oe674 (.const:ti_sysbios_gates_GateMutex_Module__diagsEnabled__C)
                  c0018acc    00000004     app_pe674.oe674 (.const:ti_sysbios_gates_GateMutex_Module__diagsIncluded__C)
                  c0018ad0    00000004     app_pe674.oe674 (.const:ti_sysbios_gates_GateMutex_Module__diagsMask__C)
                  c0018ad4    00000004     app_pe674.oe674 (.const:ti_sysbios_hal_Hwi_E_stackOverflow__C)
                  c0018ad8    00000004     app_pe674.oe674 (.const:ti_sysbios_heaps_HeapMem_A_align__C)
                  c0018adc    00000004     app_pe674.oe674 (.const:ti_sysbios_heaps_HeapMem_A_heapSize__C)
                  c0018ae0    00000004     app_pe674.oe674 (.const:ti_sysbios_heaps_HeapMem_A_invalidFree__C)
                  c0018ae4    00000004     app_pe674.oe674 (.const:ti_sysbios_heaps_HeapMem_A_zeroBlock__C)
                  c0018ae8    00000004     app_pe674.oe674 (.const:ti_sysbios_heaps_HeapMem_E_memory__C)
                  c0018aec    00000004     app_pe674.oe674 (.const:ti_sysbios_heaps_HeapMem_Module__diagsEnabled__C)
                  c0018af0    00000004     app_pe674.oe674 (.const:ti_sysbios_heaps_HeapMem_Module__diagsIncluded__C)
                  c0018af4    00000004     app_pe674.oe674 (.const:ti_sysbios_heaps_HeapMem_Module__diagsMask__C)
                  c0018af8    00000004     app_pe674.oe674 (.const:ti_sysbios_heaps_HeapMem_Module__gateObj__C)
                  c0018afc    00000004     app_pe674.oe674 (.const:ti_sysbios_heaps_HeapMem_Object__count__C)
                  c0018b00    00000004     app_pe674.oe674 (.const:ti_sysbios_heaps_HeapMem_Object__table__C)
                  c0018b04    00000004     app_pe674.oe674 (.const:ti_sysbios_heaps_HeapMem_reqAlign__C)
                  c0018b08    00000004     app_pe674.oe674 (.const:ti_sysbios_knl_Clock_LM_begin__C)
                  c0018b0c    00000004     app_pe674.oe674 (.const:ti_sysbios_knl_Clock_LM_tick__C)
                  c0018b10    00000004     app_pe674.oe674 (.const:ti_sysbios_knl_Clock_LW_delayed__C)
                  c0018b14    00000004     app_pe674.oe674 (.const:ti_sysbios_knl_Clock_Module_State_clockQ__O)
                  c0018b18    00000004     app_pe674.oe674 (.const:ti_sysbios_knl_Clock_Module__diagsEnabled__C)
                  c0018b1c    00000004     app_pe674.oe674 (.const:ti_sysbios_knl_Clock_Module__diagsIncluded__C)
                  c0018b20    00000004     app_pe674.oe674 (.const:ti_sysbios_knl_Clock_Module__diagsMask__C)
                  c0018b24    00000004     app_pe674.oe674 (.const:ti_sysbios_knl_Clock_Module__loggerFxn1__C)
                  c0018b28    00000004     app_pe674.oe674 (.const:ti_sysbios_knl_Clock_Module__loggerFxn2__C)
                  c0018b2c    00000004     app_pe674.oe674 (.const:ti_sysbios_knl_Clock_Module__loggerObj__C)
                  c0018b30    00000004     app_pe674.oe674 (.const:ti_sysbios_knl_Idle_coreList__A)
                  c0018b34    00000004     app_pe674.oe674 (.const:ti_sysbios_knl_Queue_Object__count__C)
                  c0018b38    00000004     app_pe674.oe674 (.const:ti_sysbios_knl_Idle_funcList__A)
                  c0018b3c    00000004     app_pe674.oe674 (.const:ti_sysbios_knl_Queue_Object__table__C)
                  c0018b40    00000004     app_pe674.oe674 (.const:ti_sysbios_knl_Semaphore_A_badContext__C)
                  c0018b44    00000004     app_pe674.oe674 (.const:ti_sysbios_knl_Semaphore_A_noEvents__C)
                  c0018b48    00000004     app_pe674.oe674 (.const:ti_sysbios_knl_Semaphore_A_overflow__C)
                  c0018b4c    00000004     app_pe674.oe674 (.const:ti_sysbios_knl_Semaphore_A_pendTaskDisabled__C)
                  c0018b50    00000004     app_pe674.oe674 (.const:ti_sysbios_knl_Semaphore_Instance_State_pendQ__O)
                  c0018b54    00000004     app_pe674.oe674 (.const:ti_sysbios_knl_Semaphore_LM_pend__C)
                  c0018b58    00000004     app_pe674.oe674 (.const:ti_sysbios_knl_Semaphore_LM_post__C)
                  c0018b5c    00000004     app_pe674.oe674 (.const:ti_sysbios_knl_Semaphore_Module__diagsEnabled__C)
                  c0018b60    00000004     app_pe674.oe674 (.const:ti_sysbios_knl_Semaphore_Module__diagsIncluded__C)
                  c0018b64    00000004     app_pe674.oe674 (.const:ti_sysbios_knl_Semaphore_Module__diagsMask__C)
                  c0018b68    00000004     app_pe674.oe674 (.const:ti_sysbios_knl_Semaphore_Module__loggerFxn2__C)
                  c0018b6c    00000004     app_pe674.oe674 (.const:ti_sysbios_knl_Semaphore_Module__loggerFxn4__C)
                  c0018b70    00000004     app_pe674.oe674 (.const:ti_sysbios_knl_Semaphore_Module__loggerObj__C)
                  c0018b74    00000004     app_pe674.oe674 (.const:ti_sysbios_knl_Swi_LD_end__C)
                  c0018b78    00000004     app_pe674.oe674 (.const:ti_sysbios_knl_Swi_LM_begin__C)
                  c0018b7c    00000004     app_pe674.oe674 (.const:ti_sysbios_knl_Swi_LM_post__C)
                  c0018b80    00000004     app_pe674.oe674 (.const:ti_sysbios_knl_Swi_Module__diagsEnabled__C)
                  c0018b84    00000004     app_pe674.oe674 (.const:ti_sysbios_knl_Swi_Module__diagsIncluded__C)
                  c0018b88    00000004     app_pe674.oe674 (.const:ti_sysbios_knl_Swi_Module__diagsMask__C)
                  c0018b8c    00000004     app_pe674.oe674 (.const:ti_sysbios_knl_Swi_Module__loggerFxn1__C)
                  c0018b90    00000004     app_pe674.oe674 (.const:ti_sysbios_knl_Swi_Module__loggerFxn4__C)
                  c0018b94    00000004     app_pe674.oe674 (.const:ti_sysbios_knl_Swi_Module__loggerObj__C)
                  c0018b98    00000004     app_pe674.oe674 (.const:ti_sysbios_knl_Swi_Object__count__C)
                  c0018b9c    00000004     app_pe674.oe674 (.const:ti_sysbios_knl_Swi_Object__table__C)
                  c0018ba0    00000004     app_pe674.oe674 (.const:ti_sysbios_knl_Task_A_badPriority__C)
                  c0018ba4    00000004     app_pe674.oe674 (.const:ti_sysbios_knl_Task_A_badTaskState__C)
                  c0018ba8    00000004     app_pe674.oe674 (.const:ti_sysbios_knl_Task_A_badThreadType__C)
                  c0018bac    00000004     app_pe674.oe674 (.const:ti_sysbios_knl_Task_A_noPendElem__C)
                  c0018bb0    00000004     app_pe674.oe674 (.const:ti_sysbios_knl_Task_E_spOutOfBounds__C)
                  c0018bb4    00000004     app_pe674.oe674 (.const:ti_sysbios_knl_Task_E_stackOverflow__C)
                  c0018bb8    00000004     app_pe674.oe674 (.const:ti_sysbios_knl_Task_LD_block__C)
                  c0018bbc    00000004     app_pe674.oe674 (.const:ti_sysbios_knl_Task_LD_exit__C)
                  c0018bc0    00000004     app_pe674.oe674 (.const:ti_sysbios_knl_Task_LD_ready__C)
                  c0018bc4    00000004     app_pe674.oe674 (.const:ti_sysbios_knl_Task_LM_switch__C)
                  c0018bc8    00000004     app_pe674.oe674 (.const:ti_sysbios_knl_Task_Module_State_inactiveQ__O)
                  c0018bcc    00000004     app_pe674.oe674 (.const:ti_sysbios_knl_Task_Module__diagsEnabled__C)
                  c0018bd0    00000004     app_pe674.oe674 (.const:ti_sysbios_knl_Task_Module__diagsIncluded__C)
                  c0018bd4    00000004     app_pe674.oe674 (.const:ti_sysbios_knl_Task_Module__diagsMask__C)
                  c0018bd8    00000004     app_pe674.oe674 (.const:ti_sysbios_knl_Task_Module__loggerFxn2__C)
                  c0018bdc    00000004     app_pe674.oe674 (.const:ti_sysbios_knl_Task_Module__loggerFxn4__C)
                  c0018be0    00000004     app_pe674.oe674 (.const:ti_sysbios_knl_Task_Module__loggerObj__C)
                  c0018be4    00000004     app_pe674.oe674 (.const:ti_sysbios_knl_Task_Object__count__C)
                  c0018be8    00000004     app_pe674.oe674 (.const:ti_sysbios_knl_Task_Object__heap__C)
                  c0018bec    00000004     app_pe674.oe674 (.const:ti_sysbios_knl_Task_Object__table__C)
                  c0018bf0    00000004     app_pe674.oe674 (.const:ti_sysbios_knl_Task_allBlockedFunc__C)
                  c0018bf4    00000004     app_pe674.oe674 (.const:ti_sysbios_knl_Task_defaultStackHeap__C)
                  c0018bf8    00000004     app_pe674.oe674 (.const:ti_sysbios_knl_Task_defaultStackSize__C)
                  c0018bfc    00000004     app_pe674.oe674 (.const:ti_sysbios_knl_Task_numConstructedTasks__C)
                  c0018c00    00000004     app_pe674.oe674 (.const:ti_sysbios_timers_timer64_Timer_A_notAvailable__C)
                  c0018c04    00000004     app_pe674.oe674 (.const:ti_sysbios_timers_timer64_Timer_E_cannotSupport__C)
                  c0018c08    00000004     app_pe674.oe674 (.const:ti_sysbios_timers_timer64_Timer_Module__diagsEnabled__C)
                  c0018c0c    00000004     app_pe674.oe674 (.const:ti_sysbios_timers_timer64_Timer_Module__diagsIncluded__C)
                  c0018c10    00000004     app_pe674.oe674 (.const:ti_sysbios_timers_timer64_Timer_Module__diagsMask__C)
                  c0018c14    00000004     app_pe674.oe674 (.const:ti_sysbios_timers_timer64_Timer_anyMask__C)
                  c0018c18    00000004     app_pe674.oe674 (.const:ti_sysbios_timers_timer64_Timer_freqDivisor__C)
                  c0018c1c    00000004     app_pe674.oe674 (.const:ti_sysbios_timers_timer64_Timer_numLocalTimers__C)
                  c0018c20    00000004     app_pe674.oe674 (.const:ti_sysbios_timers_timer64_Timer_numTimerDevices__C)
                  c0018c24    00000004     app_pe674.oe674 (.const:xdc_runtime_Assert_E_assertFailed__C)
                  c0018c28    00000004     app_pe674.oe674 (.const:xdc_runtime_Core_A_initializedParams__C)
                  c0018c2c    00000004     app_pe674.oe674 (.const:xdc_runtime_Core_Module__diagsEnabled__C)
                  c0018c30    00000004     app_pe674.oe674 (.const:xdc_runtime_Core_Module__diagsIncluded__C)
                  c0018c34    00000004     app_pe674.oe674 (.const:xdc_runtime_Core_Module__diagsMask__C)
                  c0018c38    00000004     app_pe674.oe674 (.const:xdc_runtime_Error_E_memory__C)
                  c0018c3c    00000004     app_pe674.oe674 (.const:xdc_runtime_Error_Module__diagsEnabled__C)
                  c0018c40    00000004     app_pe674.oe674 (.const:xdc_runtime_Error_Module__diagsIncluded__C)
                  c0018c44    00000004     app_pe674.oe674 (.const:xdc_runtime_Error_Module__diagsMask__C)
                  c0018c48    00000004     app_pe674.oe674 (.const:xdc_runtime_Error_Module__loggerFxn8__C)
                  c0018c4c    00000004     app_pe674.oe674 (.const:xdc_runtime_Error_Module__loggerObj__C)
                  c0018c50    00000004     app_pe674.oe674 (.const:xdc_runtime_Error_policy__C)
                  c0018c54    00000004     app_pe674.oe674 (.const:xdc_runtime_Error_raiseHook__C)
                  c0018c58    00000004     app_pe674.oe674 (.const:xdc_runtime_IFilterLogger_Interface__BASE__C)
                  c0018c5c    00000004     app_pe674.oe674 (.const:xdc_runtime_IGateProvider_Interface__BASE__C)
                  c0018c60    00000004     app_pe674.oe674 (.const:xdc_runtime_IHeap_Interface__BASE__C)
                  c0018c64    00000004     app_pe674.oe674 (.const:xdc_runtime_ILogger_Interface__BASE__C)
                  c0018c68    00000004     app_pe674.oe674 (.const:xdc_runtime_IModule_Interface__BASE__C)
                  c0018c6c    00000004     app_pe674.oe674 (.const:xdc_runtime_Log_L_error__C)
                  c0018c70    00000004     app_pe674.oe674 (.const:xdc_runtime_LoggerBuf_E_badLevel__C)
                  c0018c74    00000004     app_pe674.oe674 (.const:xdc_runtime_LoggerBuf_Module__gateObj__C)
                  c0018c78    00000004     app_pe674.oe674 (.const:xdc_runtime_LoggerBuf_Object__count__C)
                  c0018c7c    00000004     app_pe674.oe674 (.const:xdc_runtime_LoggerBuf_Object__table__C)
                  c0018c80    00000004     app_pe674.oe674 (.const:xdc_runtime_LoggerBuf_statusLogger__C)
                  c0018c84    00000004     app_pe674.oe674 (.const:xdc_runtime_Memory_defaultHeapInstance__C)
                  c0018c88    00000004     app_pe674.oe674 (.const:xdc_runtime_Startup_execImpl__C)
                  c0018c8c    00000004     app_pe674.oe674 (.const:xdc_runtime_Startup_maxPasses__C)
                  c0018c90    00000004     app_pe674.oe674 (.const:xdc_runtime_Startup_lastFxns__A)
                  c0018c94    00000004     app_pe674.oe674 (.const:xdc_runtime_Startup_sfxnRts__C)
                  c0018c98    00000004     app_pe674.oe674 (.const:xdc_runtime_Startup_sfxnTab__C)
                  c0018c9c    00000004     app_pe674.oe674 (.const:xdc_runtime_Startup_startModsFxn__C)
                  c0018ca0    00000004     app_pe674.oe674 (.const:xdc_runtime_SysMin_bufSize__C)
                  c0018ca4    00000004     app_pe674.oe674 (.const:xdc_runtime_SysMin_outputFunc__C)
                  c0018ca8    00000004     app_pe674.oe674 (.const:xdc_runtime_System_Module__gateObj__C)
                  c0018cac    00000004     app_pe674.oe674 (.const:xdc_runtime_System_extendFxn__C)
                  c0018cb0    00000004     app_pe674.oe674 (.const:xdc_runtime_System_maxAtexitHandlers__C)
                  c0018cb4    00000004     app_pe674.oe674 (.const:xdc_runtime_Text_charTab__C)
                  c0018cb8    00000004     app_pe674.oe674 (.const:xdc_runtime_Text_nameEmpty__C)
                  c0018cbc    00000004     app_pe674.oe674 (.const:xdc_runtime_Text_nameStatic__C)
                  c0018cc0    00000004     app_pe674.oe674 (.const:xdc_runtime_Text_nameUnknown__C)
                  c0018cc4    00000004     app_pe674.oe674 (.const:xdc_runtime_Text_nodeTab__C)
                  c0018cc8    00000004     app_pe674.oe674 (.const:xdc_runtime_Text_visitRopeFxn__C)
                  c0018ccc    00000002     app_pe674.oe674 (.const:ti_sysbios_family_c64p_Hwi_Module__loggerDefined__C)
                  c0018cce    00000002     app_pe674.oe674 (.const:ti_sysbios_gates_GateMutex_Module__id__C)
                  c0018cd0    00000002     app_pe674.oe674 (.const:ti_sysbios_hal_Hwi_Module__id__C)
                  c0018cd2    00000002     app_pe674.oe674 (.const:ti_sysbios_heaps_HeapMem_Module__id__C)
                  c0018cd4    00000002     app_pe674.oe674 (.const:ti_sysbios_knl_Clock_Module__id__C)
                  c0018cd6    00000002     app_pe674.oe674 (.const:ti_sysbios_knl_Clock_Module__loggerDefined__C)
                  c0018cd8    00000002     app_pe674.oe674 (.const:ti_sysbios_knl_Semaphore_Module__id__C)
                  c0018cda    00000002     app_pe674.oe674 (.const:ti_sysbios_knl_Semaphore_Module__loggerDefined__C)
                  c0018cdc    00000002     app_pe674.oe674 (.const:ti_sysbios_knl_Swi_Module__id__C)
                  c0018cde    00000002     app_pe674.oe674 (.const:ti_sysbios_knl_Swi_Module__loggerDefined__C)
                  c0018ce0    00000002     app_pe674.oe674 (.const:ti_sysbios_knl_Task_Module__id__C)
                  c0018ce2    00000002     app_pe674.oe674 (.const:ti_sysbios_knl_Task_Module__loggerDefined__C)
                  c0018ce4    00000002     app_pe674.oe674 (.const:ti_sysbios_knl_Task_initStackFlag__C)
                  c0018ce6    00000002     app_pe674.oe674 (.const:ti_sysbios_timers_timer64_Timer_Module__id__C)
                  c0018ce8    00000002     app_pe674.oe674 (.const:ti_sysbios_timers_timer64_Timer_startupNeeded__C)
                  c0018cea    00000002     app_pe674.oe674 (.const:xdc_runtime_Core_Module__id__C)
                  c0018cec    00000002     app_pe674.oe674 (.const:xdc_runtime_Error_Module__loggerDefined__C)
                  c0018cee    00000002     app_pe674.oe674 (.const:xdc_runtime_Error_maxDepth__C)
                  c0018cf0    00000002     app_pe674.oe674 (.const:xdc_runtime_LoggerBuf_Module__id__C)
                  c0018cf2    00000002     app_pe674.oe674 (.const:xdc_runtime_LoggerBuf_filterByLevel__C)
                  c0018cf4    00000002     app_pe674.oe674 (.const:xdc_runtime_Memory_Module__id__C)
                  c0018cf6    00000002     app_pe674.oe674 (.const:xdc_runtime_SysMin_flushAtExit__C)
                  c0018cf8    00000002     app_pe674.oe674 (.const:xdc_runtime_Text_charCnt__C)
                  c0018cfa    00000002     app_pe674.oe674 (.const:xdc_runtime_Text_isLoaded__C)
                  c0018cfc    00000002     app_pe674.oe674 (.const:xdc_runtime_Text_registryModsLastId__C)
                  c0018cfe    00000002     app_pe674.oe674 (.const:xdc_runtime_Text_unnamedModsLastId__C)

.far       0    c0018d00    00002560     UNINITIALIZED
                  c0018d00    00001408     app_pe674.oe674 (.far)
                  c001a108    00000810     main.obj (.far)
                  c001a918    00000800     app_pe674.oe674 (.far:taskStackSection)
                  c001b118    00000140     rts6740_elf.lib : defs.obj (.far)
                  c001b258    00000008                     : trgdrv.obj (.far)

.stack     0    c001b260    00002000     UNINITIALIZED
                  c001b260    00000008     boot.ae674 : boot.oe674 (.stack)
                  c001b268    00001ff8     --HOLE--

.fardata   0    c001d260    00000874     
                  c001d260    00000208     app_pe674.oe674 (.fardata)
                  c001d468    000001e0     rts6740_elf.lib : defs.obj (.fardata:_ftable)
                  c001d648    000000a0                     : lowlev.obj (.fardata:_stream)
                  c001d6e8    00000080     app_pe674.oe674 (.fardata:ti_sysbios_knl_Swi_Module_State_0_readyQ__A)
                  c001d768    00000080     app_pe674.oe674 (.fardata:ti_sysbios_knl_Task_Module_State_0_readyQ__A)
                  c001d7e8    00000078     rts6740_elf.lib : lowlev.obj (.fardata:_device)
                  c001d860    00000060     app_pe674.oe674 (.fardata:ti_sysbios_timers_timer64_Timer_Module_State_0_device__A)
                  c001d8c0    0000004c     app_pe674.oe674 (.fardata:ti_sysbios_knl_Task_Object__table__V)
                  c001d90c    00000004     rts6740_elf.lib : defs.obj (.fardata)
                  c001d910    0000004c     app_pe674.oe674 (.fardata:ti_sysbios_timers_timer64_Timer_Object__table__V)
                  c001d95c    00000004     rts6740_elf.lib : dtor_list.obj (.fardata)
                  c001d960    00000040     app_pe674.oe674 (.fardata:ti_sysbios_gates_GateMutex_Object__table__V)
                  c001d9a0    00000030     app_pe674.oe674 (.fardata:ti_sysbios_knl_Swi_Object__table__V)
                  c001d9d0    00000024     app_pe674.oe674 (.fardata:xdc_runtime_LoggerBuf_Object__table__V)
                  c001d9f4    00000004     --HOLE--
                  c001d9f8    00000020     app_pe674.oe674 (.fardata:ti_sysbios_timers_timer64_Timer_Module_State_0_gctrl__A)
                  c001da18    00000020     app_pe674.oe674 (.fardata:ti_sysbios_timers_timer64_Timer_Module_State_0_handles__A)
                  c001da38    00000020     app_pe674.oe674 (.fardata:ti_sysbios_timers_timer64_Timer_Module_State_0_intFreqs__A)
                  c001da58    00000018     app_pe674.oe674 (.fardata:ti_sysbios_family_c64p_Hwi_Object__table__V)
                  c001da70    00000018     app_pe674.oe674 (.fardata:ti_sysbios_heaps_HeapMem_Object__table__V)
                  c001da88    00000010     app_pe674.oe674 (.fardata:xdc_runtime_System_Module_State_0_atexitHandlers__A)
                  c001da98    0000000c     rts6740_elf.lib : exit.obj (.fardata)
                  c001daa4    00000008                     : _lock.obj (.fardata)
                  c001daac    00000004     --HOLE--
                  c001dab0    00000008     app_pe674.oe674 (.fardata:ti_sysbios_family_c64p_primus_TimerSupport_Module_State_0_suspSrc__A)
                  c001dab8    00000008     app_pe674.oe674 (.fardata:ti_sysbios_hal_Hwi_Object__table__V)
                  c001dac0    00000008     app_pe674.oe674 (.fardata:ti_sysbios_hal_Timer_Object__table__V)
                  c001dac8    00000004     app_pe674.oe674 (.fardata:ti_sysbios_gates_GateHwi_Object__table__V)
                  c001dacc    00000004     --HOLE--
                  c001dad0    00000004     app_pe674.oe674 (.fardata:ti_sysbios_knl_Task_Module_State_0_idleTask__A)

.switch.1 
*          0    c001dad4    0000012c     
                  c001dad4    00000030     drivers.lib : emifa.obj (.switch:EMIFANANDEccValGet)
                  c001db04    00000024     utils.lib : uartStdio.obj (.switch:UARTprintf)
                  c001db28    00000018     uPP.lib : uPP.obj (.switch:uPPPinMuxSetup)
                  c001db40    00000010     drivers.lib : emifa.obj (.switch:EMIFAAsyncDevDataBusWidthSelect)
                  c001db50    00000010                 : emifa.obj (.switch:EMIFAAsyncDevOpModeSelect)
                  c001db60    00000010                 : emifa.obj (.switch:EMIFACSWaitPinSelect)
                  c001db70    00000010                 : emifa.obj (.switch:EMIFAExtendedWaitConfig)
                  c001db80    00000010                 : emifa.obj (.switch:EMIFANAND4BitECCSelect)
                  c001db90    00000010                 : emifa.obj (.switch:EMIFANAND4BitEccErrAddrGet)
                  c001dba0    00000010                 : emifa.obj (.switch:EMIFANAND4BitEccErrValGet)
                  c001dbb0    00000010                 : emifa.obj (.switch:EMIFANANDCSSet)
                  c001dbc0    00000010                 : emifa.obj (.switch:EMIFANANDECCStart)
                  c001dbd0    00000010                 : emifa.obj (.switch:EMIFANORPageAccessDelaySet)
                  c001dbe0    00000010                 : emifa.obj (.switch:EMIFANORPageModeConfig)
                  c001dbf0    00000010                 : emifa.obj (.switch:EMIFANORPageSizeSet)

.vecs      0    c001dc00    00000200     
                  c001dc00    00000200     app_pe674.oe674 (.vecs)

.switch.2 
*          0    c001de00    00000030     
                  c001de00    00000010     drivers.lib : emifa.obj (.switch:EMIFAWaitTimingConfig)
                  c001de10    00000010                 : gpio.obj (.switch:GPIOIntTypeSet)
                  c001de20    00000010     uPP.lib : uPP.obj (.switch:uPPThresholdConfig)

.cio       0    c001de30    00000120     UNINITIALIZED
                  c001de30    00000120     rts6740_elf.lib : trgmsg.obj (.cio)

.bss       0    c001df50    00000000     UNINITIALIZED

.neardata 
*          0    c001df50    00000010     
                  c001df50    00000008     main.obj (.neardata)
                  c001df58    00000004     dsp_fpga_emifa.obj (.neardata)
                  c001df5c    00000004     uPP.obj (.neardata)

.rodata    0    c001df60    00000004     
                  c001df60    00000004     utils.lib : uartStdio.obj (.rodata)

.cinit     0    c001df64    0000046c     
                  c001df64    0000041f     (.cinit..fardata.load) [load image, compression = rle]
                  c001e383    00000001     --HOLE-- [fill = 0]
                  c001e384    0000000c     (__TI_handler_table)
                  c001e390    0000000a     (.cinit..rodata.load) [load image, compression = rle]
                  c001e39a    00000002     --HOLE-- [fill = 0]
                  c001e39c    00000009     (.cinit..neardata.load) [load image, compression = rle]
                  c001e3a5    00000003     --HOLE-- [fill = 0]
                  c001e3a8    00000008     (.cinit..far.load) [load image, compression = zero_init]
                  c001e3b0    00000020     (__TI_cinit_table)


LINKER GENERATED COPY TABLES

__TI_cinit_table @ c001e3b0 records: 4, size/record: 8, table size: 32
	.fardata: load addr=c001df64, load size=0000041f bytes, run addr=c001d260, run size=00000874 bytes, compression=rle
	.rodata: load addr=c001e390, load size=0000000a bytes, run addr=c001df60, run size=00000004 bytes, compression=rle
	.neardata: load addr=c001e39c, load size=00000009 bytes, run addr=c001df50, run size=00000010 bytes, compression=rle
	.far: load addr=c001e3a8, load size=00000008 bytes, run addr=c0018d00, run size=00002560 bytes, compression=zero_init


LINKER GENERATED HANDLER TABLE

__TI_handler_table @ c001e384 records: 3, size/record: 4, table size: 12
	index: 0, handler: __TI_decompress_rle24
	index: 1, handler: __TI_decompress_none
	index: 2, handler: __TI_zero_init


GLOBAL SYMBOLS: SORTED ALPHABETICALLY BY Name 

address    name
--------   ----
c00157e0   C$$EXIT
c00146f8   C$$IO$$
c000a8cc   DspFpgaEmifaInit
c0010b18   DspFpgaNotifyInit
c0010ae0   DspFpgaNotifySend
c0000398   EMIFAAsyncDevDataBusWidthSelect
c0000444   EMIFAAsyncDevOpModeSelect
c0000228   EMIFACSWaitPinSelect
c0000500   EMIFAExtendedWaitConfig
c00001e8   EMIFAMaxExtWaitCycleSet
c0000000   EMIFAModuleIdRead
c0000e04   EMIFAMskedIntClear
c0000ee8   EMIFAMskedIntDisable
c0000e74   EMIFAMskedIntEnable
c0000d98   EMIFAMskedIntStatusRead
c00000a0   EMIFANAND4BitECCAddrCalcStart
c0000958   EMIFANAND4BitECCLoad
c0000710   EMIFANAND4BitECCNumOfErrsGet
c0000158   EMIFANAND4BitECCSelect
c00006f0   EMIFANAND4BitECCStateGet
c0000ae8   EMIFANAND4BitEccErrAddrGet
c0000b88   EMIFANAND4BitEccErrValGet
c0000018   EMIFANANDCSSet
c00000c0   EMIFANANDECCStart
c0000984   EMIFANANDEccValGet
c00008a4   EMIFANORPageAccessDelaySet
c0000730   EMIFANORPageModeConfig
c00007e8   EMIFANORPageSizeSet
c0000d28   EMIFARawIntClear
c0000cc0   EMIFARawIntStatusRead
c00005b8   EMIFASDRAMConfig
c0000610   EMIFASDRAMPowDownModeConfig
c0000640   EMIFASDRAMRefDurPowDownModeEnable
c0000658   EMIFASDRAMRefRateSet
c000068c   EMIFASDRAMSelfRefExitTimeConfig
c00005e4   EMIFASDRAMSelfRefModeConfig
c0000674   EMIFASDRAMTimingConfig
c0000348   EMIFAWaitPinPolaritySet
c00006a8   EMIFAWaitPinStatusGet
[...]
c0015dc0   ti_sysbios_hal_Timer_startup__E
c0015de0   ti_sysbios_heaps_HeapMem_Module_GateProxy_enter__E
c0015e00   ti_sysbios_heaps_HeapMem_Module_GateProxy_leave__E
c0015e20   ti_sysbios_heaps_HeapMem_Module_GateProxy_query__E
c0015e40   ti_sysbios_heaps_HeapMem_isBlocking__E
c0015e80   ti_sysbios_knl_Clock_Module_startup__E
c0015ea0   ti_sysbios_knl_Idle_loop__E
c0015ec0   ti_sysbios_knl_Queue_Instance_init__F
c0015ee0   ti_sysbios_knl_Queue_empty__E
c0015f00   ti_sysbios_knl_Semaphore_Instance_finalize__F
c0015f20   ti_sysbios_knl_Swi_Module_startup__E
c0015f40   ti_sysbios_knl_Swi_disable__E
c0015f60   ti_sysbios_knl_Task_Module_startup__E
c0015f80   ti_sysbios_knl_Task_SupportProxy_Module__startupDone__S
c0015fa0   ti_sysbios_knl_Task_SupportProxy_checkStack__E
c0015fc0   ti_sysbios_knl_Task_SupportProxy_getStackAlignment__E
c0015fe0   ti_sysbios_knl_Task_SupportProxy_start__E
c0016000   ti_sysbios_knl_Task_SupportProxy_swap__E
c0016020   ti_sysbios_knl_Task_disable__E
c0016040   ti_sysbios_knl_Task_startup__E
c0016060   ti_sysbios_timers_timer64_Timer_Module__startupDone__S
c0016080   ti_sysbios_timers_timer64_Timer_Module_startup__E
c00160a0   ti_sysbios_timers_timer64_Timer_TimerSupportProxy_enable__E
c00160e0   xdc_runtime_Error_check__E
c0016100   xdc_runtime_Error_init__E
c0016120   xdc_runtime_Error_print__E
c0016140   xdc_runtime_Gate_enterSystem__E
c0016160   xdc_runtime_Gate_enterSystem__F
c0016180   xdc_runtime_Gate_leaveSystem__E
c00161a0   xdc_runtime_Gate_leaveSystem__F
c00161c0   xdc_runtime_LoggerBuf_Module_GateProxy_enter__E
c00161e0   xdc_runtime_LoggerBuf_Module_GateProxy_leave__E
c0016200   xdc_runtime_LoggerBuf_Module_startup__E
c0016220   xdc_runtime_LoggerBuf_TimestampProxy_get64__E
c0016240   xdc_runtime_LoggerBuf_disable__E
c0016260   xdc_runtime_LoggerBuf_disable__F
c0016280   xdc_runtime_LoggerBuf_enable__E
c00162a0   xdc_runtime_LoggerBuf_enable__F
c00162c0   xdc_runtime_LoggerBuf_getFilterLevel__E
c00162e0   xdc_runtime_LoggerBuf_write0__E
c0016300   xdc_runtime_LoggerBuf_write1__F
c0016320   xdc_runtime_LoggerBuf_write2__F
c0016340   xdc_runtime_Memory_HeapProxy_alloc__E
c0016360   xdc_runtime_Memory_HeapProxy_free__E
c0016380   xdc_runtime_Memory_alloc__E
c00163a0   xdc_runtime_Memory_calloc__E
c00163c0   xdc_runtime_Memory_free__E
c00163e0   xdc_runtime_Registry_findById__E
c0016400   xdc_runtime_Startup_exec__E
c0016420   xdc_runtime_Startup_reset__I
c0016440   xdc_runtime_SysMin_Module_startup__E
c0016460   xdc_runtime_SysMin_abort__E
c0016480   xdc_runtime_SysMin_exit__E
c00164a0   xdc_runtime_SysMin_putch__E
c00164c0   xdc_runtime_SysMin_ready__E
c00164e0   xdc_runtime_SysMin_ready__F
c0016500   xdc_runtime_System_Module_GateProxy_enter__E
c0016520   xdc_runtime_System_Module_GateProxy_leave__E
c0016540   xdc_runtime_System_Module_startup__E
c0016560   xdc_runtime_System_Module_startup__F
c0016580   xdc_runtime_System_SupportProxy_abort__E
c00165a0   xdc_runtime_System_SupportProxy_exit__E
c00165c0   xdc_runtime_System_SupportProxy_putch__E
c00165e0   xdc_runtime_System_SupportProxy_ready__E
c0016600   xdc_runtime_System_abort__E
c0016620   xdc_runtime_System_atexit__E
c0016640   xdc_runtime_System_exit__E
c0016660   xdc_runtime_System_exit__F
c0016680   xdc_runtime_System_lastFxn__I
c00166a0   xdc_runtime_System_vsnprintf__E
c00166c0   xdc_runtime_System_snprintf_va__F
c00166c0   xdc_runtime_System_vsnprintf__F
c00166e0   xdc_runtime_Text_cordText__E
c0016700   xdc_runtime_Text_putLab__E
c0016720   xdc_runtime_Text_putSite__E
c0016740   xdc_runtime_Text_ropeText__E
c0016760   xdc_runtime_Text_charTab__A
c0017d3e   ti_sysbios_BIOS_Module__id__C
c0018258   _ctypes_
c001835a   ti_sysbios_family_c64p_Exception_Module__id__C
c0018360   xdc_runtime_Text_nodeTab__A
c00185a4   ti_sysbios_knl_Task_Object__PARAMS__C
c00185e0   xdc_runtime_LoggerBuf_Module__FXNS__C
c001861c   ti_sysbios_BIOS_Module__diagsEnabled__C
c0018620   xdc_runtime_Startup_sfxnTab__A
c0018654   ti_sysbios_family_c64p_Hwi_Object__PARAMS__C
c00186dc   ti_sysbios_hal_Hwi_Object__PARAMS__C
c0018708   ti_sysbios_heaps_HeapMem_Module__FXNS__C
c0018730   xdc_runtime_LoggerBuf_Object__PARAMS__C
c0018758   ti_sysbios_gates_GateHwi_Module__FXNS__C
c001877c   ti_sysbios_gates_GateMutex_Module__FXNS__C
c00187a0   ti_sysbios_heaps_HeapMem_Object__PARAMS__C
c00187c4   ti_sysbios_knl_Semaphore_Object__PARAMS__C
c001880c   ti_sysbios_family_c64p_Hwi_Object__DESC__C
c001882c   ti_sysbios_gates_GateHwi_Object__DESC__C
c001884c   ti_sysbios_gates_GateMutex_Object__DESC__C
c001886c   ti_sysbios_hal_Hwi_Object__DESC__C
c001888c   ti_sysbios_heaps_HeapMem_Object__DESC__C
c00188ac   ti_sysbios_knl_Queue_Object__DESC__C
c00188cc   ti_sysbios_knl_Semaphore_Object__DESC__C
c00188ec   ti_sysbios_knl_Task_Object__DESC__C
c001890c   xdc_runtime_LoggerBuf_Object__DESC__C
c0018948   xdc_runtime_Startup_sfxnRts__A
c0018962   ti_sysbios_family_c64p_Exception_useInternalBuffer__C
c0018964   ti_sysbios_gates_GateHwi_Object__PARAMS__C
c001897c   ti_sysbios_gates_GateMutex_Object__PARAMS__C
c0018994   ti_sysbios_knl_Queue_Object__PARAMS__C
c00189ac   ti_sysbios_BIOS_Module__diagsIncluded__C
c00189b0   ti_sysbios_knl_Task_hooks__A
c00189dc   ti_sysbios_BIOS_Module__diagsMask__C
c00189f2   ti_sysbios_family_c64p_Hwi_Module__id__C
c00189f4   ti_sysbios_family_c64p_Cache_initSize__C
c0018a08   ti_sysbios_knl_Idle_coreList__C
c0018a10   ti_sysbios_knl_Idle_funcList__C
c0018a18   ti_sysbios_knl_Task_hooks__C
c0018a20   xdc_runtime_Startup_firstFxns__A
c0018a28   xdc_runtime_Startup_firstFxns__C
c0018a30   xdc_runtime_Startup_lastFxns__C
c0018a38   ti_sysbios_BIOS_installedErrorHook__C
c0018a3c   ti_sysbios_family_c62_TaskSupport_stackAlignment__C
c0018a40   ti_sysbios_family_c64p_Cache_EMIFA_BASE__C
c0018a44   ti_sysbios_family_c64p_Cache_EMIFA_CFG__C
c0018a48   ti_sysbios_family_c64p_Cache_EMIFA_LENGTH__C
c0018a4c   ti_sysbios_family_c64p_Cache_EMIFB_BASE__C
c0018a50   ti_sysbios_family_c64p_Cache_EMIFB_CFG__C
c0018a54   ti_sysbios_family_c64p_Cache_EMIFB_LENGTH__C
c0018a58   ti_sysbios_family_c64p_Cache_EMIFC_BASE__C
c0018a5c   ti_sysbios_family_c64p_Cache_EMIFC_CFG__C
c0018a60   ti_sysbios_family_c64p_Cache_EMIFC_LENGTH__C
c0018a64   ti_sysbios_family_c64p_Cache_MAR0_31__C
c0018a68   ti_sysbios_family_c64p_Cache_MAR128_159__C
c0018a6c   ti_sysbios_family_c64p_Cache_MAR160_191__C
c0018a70   ti_sysbios_family_c64p_Cache_MAR192_223__C
c0018a74   ti_sysbios_family_c64p_Cache_MAR224_255__C
c0018a78   ti_sysbios_family_c64p_Cache_MAR32_63__C
c0018a7c   ti_sysbios_family_c64p_Cache_MAR64_95__C
c0018a80   ti_sysbios_family_c64p_Cache_MAR96_127__C
c0018a84   ti_sysbios_family_c64p_Exception_E_exceptionMax__C
c0018a88   ti_sysbios_family_c64p_Exception_exceptionHook__C
c0018a8c   ti_sysbios_family_c64p_Exception_externalHook__C
c0018a90   ti_sysbios_family_c64p_Exception_internalHook__C
c0018a94   ti_sysbios_family_c64p_Exception_nmiHook__C
c0018a98   ti_sysbios_family_c64p_Hwi_E_alreadyDefined__C
c0018a9c   ti_sysbios_family_c64p_Hwi_E_handleNotFound__C
c0018aa0   ti_sysbios_family_c64p_Hwi_LD_end__C
c0018aa4   ti_sysbios_family_c64p_Hwi_LM_begin__C
c0018aa8   ti_sysbios_family_c64p_Hwi_Module__diagsEnabled__C
c0018aac   ti_sysbios_family_c64p_Hwi_Module__diagsIncluded__C
c0018ab0   ti_sysbios_family_c64p_Hwi_Module__diagsMask__C
c0018ab4   ti_sysbios_family_c64p_Hwi_Module__loggerFxn1__C
c0018ab8   ti_sysbios_family_c64p_Hwi_Module__loggerFxn8__C
c0018abc   ti_sysbios_family_c64p_Hwi_Module__loggerObj__C
c0018ac0   ti_sysbios_gates_GateMutex_A_badContext__C
c0018ac4   ti_sysbios_gates_GateMutex_Instance_State_sem__O
c0018ac8   ti_sysbios_gates_GateMutex_Module__diagsEnabled__C
c0018acc   ti_sysbios_gates_GateMutex_Module__diagsIncluded__C
c0018ad0   ti_sysbios_gates_GateMutex_Module__diagsMask__C
c0018ad4   ti_sysbios_hal_Hwi_E_stackOverflow__C
c0018ad8   ti_sysbios_heaps_HeapMem_A_align__C
c0018adc   ti_sysbios_heaps_HeapMem_A_heapSize__C
c0018ae0   ti_sysbios_heaps_HeapMem_A_invalidFree__C
c0018ae4   ti_sysbios_heaps_HeapMem_A_zeroBlock__C
c0018ae8   ti_sysbios_heaps_HeapMem_E_memory__C
c0018aec   ti_sysbios_heaps_HeapMem_Module__diagsEnabled__C
c0018af0   ti_sysbios_heaps_HeapMem_Module__diagsIncluded__C
c0018af4   ti_sysbios_heaps_HeapMem_Module__diagsMask__C
c0018af8   ti_sysbios_heaps_HeapMem_Module__gateObj__C
c0018afc   ti_sysbios_heaps_HeapMem_Object__count__C
c0018b00   ti_sysbios_heaps_HeapMem_Object__table__C
c0018b04   ti_sysbios_heaps_HeapMem_reqAlign__C
c0018b08   ti_sysbios_knl_Clock_LM_begin__C
c0018b0c   ti_sysbios_knl_Clock_LM_tick__C
c0018b10   ti_sysbios_knl_Clock_LW_delayed__C
c0018b14   ti_sysbios_knl_Clock_Module_State_clockQ__O
c0018b18   ti_sysbios_knl_Clock_Module__diagsEnabled__C
c0018b1c   ti_sysbios_knl_Clock_Module__diagsIncluded__C
c0018b20   ti_sysbios_knl_Clock_Module__diagsMask__C
c0018b24   ti_sysbios_knl_Clock_Module__loggerFxn1__C
c0018b28   ti_sysbios_knl_Clock_Module__loggerFxn2__C
c0018b2c   ti_sysbios_knl_Clock_Module__loggerObj__C
c0018b30   ti_sysbios_knl_Idle_coreList__A
c0018b34   ti_sysbios_knl_Queue_Object__count__C
c0018b38   ti_sysbios_knl_Idle_funcList__A
c0018b3c   ti_sysbios_knl_Queue_Object__table__C
c0018b40   ti_sysbios_knl_Semaphore_A_badContext__C
c0018b44   ti_sysbios_knl_Semaphore_A_noEvents__C
c0018b48   ti_sysbios_knl_Semaphore_A_overflow__C
c0018b4c   ti_sysbios_knl_Semaphore_A_pendTaskDisabled__C
c0018b50   ti_sysbios_knl_Semaphore_Instance_State_pendQ__O
c0018b54   ti_sysbios_knl_Semaphore_LM_pend__C
c0018b58   ti_sysbios_knl_Semaphore_LM_post__C
c0018b5c   ti_sysbios_knl_Semaphore_Module__diagsEnabled__C
c0018b60   ti_sysbios_knl_Semaphore_Module__diagsIncluded__C
c0018b64   ti_sysbios_knl_Semaphore_Module__diagsMask__C
c0018b68   ti_sysbios_knl_Semaphore_Module__loggerFxn2__C
c0018b6c   ti_sysbios_knl_Semaphore_Module__loggerFxn4__C
c0018b70   ti_sysbios_knl_Semaphore_Module__loggerObj__C
c0018b74   ti_sysbios_knl_Swi_LD_end__C
c0018b78   ti_sysbios_knl_Swi_LM_begin__C
c0018b7c   ti_sysbios_knl_Swi_LM_post__C
c0018b80   ti_sysbios_knl_Swi_Module__diagsEnabled__C
c0018b84   ti_sysbios_knl_Swi_Module__diagsIncluded__C
c0018b88   ti_sysbios_knl_Swi_Module__diagsMask__C
c0018b8c   ti_sysbios_knl_Swi_Module__loggerFxn1__C
c0018b90   ti_sysbios_knl_Swi_Module__loggerFxn4__C
c0018b94   ti_sysbios_knl_Swi_Module__loggerObj__C
c0018b98   ti_sysbios_knl_Swi_Object__count__C
c0018b9c   ti_sysbios_knl_Swi_Object__table__C
c0018ba0   ti_sysbios_knl_Task_A_badPriority__C
c0018ba4   ti_sysbios_knl_Task_A_badTaskState__C
c0018ba8   ti_sysbios_knl_Task_A_badThreadType__C
c0018bac   ti_sysbios_knl_Task_A_noPendElem__C
c0018bb0   ti_sysbios_knl_Task_E_spOutOfBounds__C
c0018bb4   ti_sysbios_knl_Task_E_stackOverflow__C
c0018bb8   ti_sysbios_knl_Task_LD_block__C
c0018bbc   ti_sysbios_knl_Task_LD_exit__C
c0018bc0   ti_sysbios_knl_Task_LD_ready__C
c0018bc4   ti_sysbios_knl_Task_LM_switch__C
c0018bc8   ti_sysbios_knl_Task_Module_State_inactiveQ__O
c0018bcc   ti_sysbios_knl_Task_Module__diagsEnabled__C
c0018bd0   ti_sysbios_knl_Task_Module__diagsIncluded__C
c0018bd4   ti_sysbios_knl_Task_Module__diagsMask__C
c0018bd8   ti_sysbios_knl_Task_Module__loggerFxn2__C
c0018bdc   ti_sysbios_knl_Task_Module__loggerFxn4__C
c0018be0   ti_sysbios_knl_Task_Module__loggerObj__C
c0018be4   ti_sysbios_knl_Task_Object__count__C
c0018be8   ti_sysbios_knl_Task_Object__heap__C
c0018bec   ti_sysbios_knl_Task_Object__table__C
c0018bf0   ti_sysbios_knl_Task_allBlockedFunc__C
c0018bf4   ti_sysbios_knl_Task_defaultStackHeap__C
c0018bf8   ti_sysbios_knl_Task_defaultStackSize__C
c0018bfc   ti_sysbios_knl_Task_numConstructedTasks__C
c0018c00   ti_sysbios_timers_timer64_Timer_A_notAvailable__C
c0018c04   ti_sysbios_timers_timer64_Timer_E_cannotSupport__C
c0018c08   ti_sysbios_timers_timer64_Timer_Module__diagsEnabled__C
c0018c0c   ti_sysbios_timers_timer64_Timer_Module__diagsIncluded__C
c0018c10   ti_sysbios_timers_timer64_Timer_Module__diagsMask__C
c0018c14   ti_sysbios_timers_timer64_Timer_anyMask__C
c0018c18   ti_sysbios_timers_timer64_Timer_freqDivisor__C
c0018c1c   ti_sysbios_timers_timer64_Timer_numLocalTimers__C
c0018c20   ti_sysbios_timers_timer64_Timer_numTimerDevices__C
c0018c24   xdc_runtime_Assert_E_assertFailed__C
c0018c28   xdc_runtime_Core_A_initializedParams__C
c0018c2c   xdc_runtime_Core_Module__diagsEnabled__C
c0018c30   xdc_runtime_Core_Module__diagsIncluded__C
c0018c34   xdc_runtime_Core_Module__diagsMask__C
c0018c38   xdc_runtime_Error_E_memory__C
c0018c3c   xdc_runtime_Error_Module__diagsEnabled__C
c0018c40   xdc_runtime_Error_Module__diagsIncluded__C
c0018c44   xdc_runtime_Error_Module__diagsMask__C
c0018c48   xdc_runtime_Error_Module__loggerFxn8__C
c0018c4c   xdc_runtime_Error_Module__loggerObj__C
c0018c50   xdc_runtime_Error_policy__C
c0018c54   xdc_runtime_Error_raiseHook__C
c0018c58   xdc_runtime_IFilterLogger_Interface__BASE__C
c0018c5c   xdc_runtime_IGateProvider_Interface__BASE__C
c0018c60   xdc_runtime_IHeap_Interface__BASE__C
c0018c64   xdc_runtime_ILogger_Interface__BASE__C
c0018c68   xdc_runtime_IModule_Interface__BASE__C
c0018c6c   xdc_runtime_Log_L_error__C
c0018c70   xdc_runtime_LoggerBuf_E_badLevel__C
c0018c74   xdc_runtime_LoggerBuf_Module__gateObj__C
c0018c78   xdc_runtime_LoggerBuf_Object__count__C
c0018c7c   xdc_runtime_LoggerBuf_Object__table__C
c0018c80   xdc_runtime_LoggerBuf_statusLogger__C
c0018c84   xdc_runtime_Memory_defaultHeapInstance__C
c0018c88   xdc_runtime_Startup_execImpl__C
c0018c8c   xdc_runtime_Startup_maxPasses__C
c0018c90   xdc_runtime_Startup_lastFxns__A
c0018c94   xdc_runtime_Startup_sfxnRts__C
c0018c98   xdc_runtime_Startup_sfxnTab__C
c0018c9c   xdc_runtime_Startup_startModsFxn__C
c0018ca0   xdc_runtime_SysMin_bufSize__C
c0018ca4   xdc_runtime_SysMin_outputFunc__C
c0018ca8   xdc_runtime_System_Module__gateObj__C
c0018cac   xdc_runtime_System_extendFxn__C
c0018cb0   xdc_runtime_System_maxAtexitHandlers__C
c0018cb4   xdc_runtime_Text_charTab__C
c0018cb8   xdc_runtime_Text_nameEmpty__C
c0018cbc   xdc_runtime_Text_nameStatic__C
c0018cc0   xdc_runtime_Text_nameUnknown__C
c0018cc4   xdc_runtime_Text_nodeTab__C
c0018cc8   xdc_runtime_Text_visitRopeFxn__C
c0018ccc   ti_sysbios_family_c64p_Hwi_Module__loggerDefined__C
c0018cce   ti_sysbios_gates_GateMutex_Module__id__C
c0018cd0   ti_sysbios_hal_Hwi_Module__id__C
c0018cd2   ti_sysbios_heaps_HeapMem_Module__id__C
c0018cd4   ti_sysbios_knl_Clock_Module__id__C
c0018cd6   ti_sysbios_knl_Clock_Module__loggerDefined__C
c0018cd8   ti_sysbios_knl_Semaphore_Module__id__C
c0018cda   ti_sysbios_knl_Semaphore_Module__loggerDefined__C
c0018cdc   ti_sysbios_knl_Swi_Module__id__C
c0018cde   ti_sysbios_knl_Swi_Module__loggerDefined__C
c0018ce0   ti_sysbios_knl_Task_Module__id__C
c0018ce2   ti_sysbios_knl_Task_Module__loggerDefined__C
c0018ce4   ti_sysbios_knl_Task_initStackFlag__C
c0018ce6   ti_sysbios_timers_timer64_Timer_Module__id__C
c0018ce8   ti_sysbios_timers_timer64_Timer_startupNeeded__C
c0018cea   xdc_runtime_Core_Module__id__C
c0018cec   xdc_runtime_Error_Module__loggerDefined__C
c0018cee   xdc_runtime_Error_maxDepth__C
c0018cf0   xdc_runtime_LoggerBuf_Module__id__C
c0018cf2   xdc_runtime_LoggerBuf_filterByLevel__C
c0018cf4   xdc_runtime_Memory_Module__id__C
c0018cf6   xdc_runtime_SysMin_flushAtExit__C
c0018cf8   xdc_runtime_Text_charCnt__C
c0018cfa   xdc_runtime_Text_isLoaded__C
c0018cfc   xdc_runtime_Text_registryModsLastId__C
c0018cfe   xdc_runtime_Text_unnamedModsLastId__C
c0018d00   ti_sysbios_heaps_HeapMem_Instance_State_0_buf__A
c0019d00   ti_sysbios_knl_Task_Instance_State_0_hookEnv__A
c0019d08   xdc_runtime_LoggerBuf_Instance_State_0_entryArr__A
c0019f08   xdc_runtime_SysMin_Module_State_0_outbuf__A
c001a108   upp_receive_buffer_ping
c001a110   upp_receive_buffer_pong
c001a118   upp_receive_all
c001a918   ti_sysbios_knl_Task_Instance_State_0_stack__A
c001b118   _tmpnams
c001b260   _stack
c001d260   __TI_STACK_END
c001d260   ti_sysbios_BIOS_Module__state__V
c001d280   ti_sysbios_family_c64p_Cache_Module__state__V
c001d284   ti_sysbios_family_c64p_Exception_Module__state__V
c001d2b4   ti_sysbios_family_c64p_Hwi_Module__root__V
c001d2bc   ti_sysbios_family_c64p_Hwi_Module__state__V
c001d324   ti_sysbios_family_c64p_primus_TimerSupport_Module__state__V
c001d328   ti_sysbios_gates_GateHwi_Module__root__V
c001d330   ti_sysbios_gates_GateMutex_Module__root__V
c001d338   ti_sysbios_hal_Hwi_Module__root__V
c001d340   ti_sysbios_hal_Timer_Module__root__V
c001d348   ti_sysbios_heaps_HeapMem_Module__root__V
c001d350   ti_sysbios_knl_Clock_Module__root__V
c001d358   ti_sysbios_knl_Clock_Module__state__V
c001d380   ti_sysbios_knl_Queue_Module__root__V
c001d388   ti_sysbios_knl_Semaphore_Module__root__V
c001d390   ti_sysbios_knl_Swi_Module__root__V
c001d398   ti_sysbios_knl_Swi_Module__state__V
c001d3b4   ti_sysbios_knl_Task_Module__root__V
c001d3bc   ti_sysbios_knl_Task_Module__state__V
c001d400   ti_sysbios_timers_timer64_Timer_Module__root__V
c001d408   ti_sysbios_timers_timer64_Timer_Module__state__V
c001d41c   xdc_runtime_Error_Module__state__V
c001d420   xdc_runtime_LoggerBuf_Module__root__V
c001d428   xdc_runtime_LoggerBuf_Module__state__V
c001d430   xdc_runtime_Memory_Module__state__V
c001d434   xdc_runtime_Registry_Module__state__V
c001d43c   xdc_runtime_Startup_Module__state__V
c001d444   xdc_runtime_SysMin_Module__state__V
c001d450   xdc_runtime_System_Module__state__V
c001d45c   xdc_runtime_Text_Module__state__V
c001d464   __xdc__init__addr
c001d468   _ftable
c001d6e8   ti_sysbios_knl_Swi_Module_State_0_readyQ__A
c001d768   ti_sysbios_knl_Task_Module_State_0_readyQ__A
c001d860   ti_sysbios_timers_timer64_Timer_Module_State_0_device__A
c001d8c0   TSK_idle
c001d8c0   ti_sysbios_knl_Task_Object__table__V
c001d90c   _ft_end
c001d910   ti_sysbios_timers_timer64_Timer_Object__table__V
c001d960   ti_sysbios_gates_GateMutex_Object__table__V
c001d9a0   ti_sysbios_knl_Swi_Object__table__V
c001d9d0   xdc_runtime_LoggerBuf_Object__table__V
c001d9f8   ti_sysbios_timers_timer64_Timer_Module_State_0_gctrl__A
c001da18   ti_sysbios_timers_timer64_Timer_Module_State_0_handles__A
c001da38   ti_sysbios_timers_timer64_Timer_Module_State_0_intFreqs__A
c001da58   ti_sysbios_family_c64p_Hwi_Object__table__V
c001da70   ti_sysbios_heaps_HeapMem_Object__table__V
c001da88   xdc_runtime_System_Module_State_0_atexitHandlers__A
c001da98   _cleanup_ptr
c001da9c   _dtors_ptr
c001daa0   __TI_enable_exit_profile_output
c001daa4   _lock
c001daa8   _unlock
c001dab0   ti_sysbios_family_c64p_primus_TimerSupport_Module_State_0_suspSrc__A
c001dab8   ti_sysbios_hal_Hwi_Object__table__V
c001dac0   ti_sysbios_hal_Timer_Object__table__V
c001dac8   ti_sysbios_gates_GateHwi_Object__table__V
c001dad0   ti_sysbios_knl_Task_Module_State_0_idleTask__A
c001dc00   ti_sysbios_family_c64p_Hwi0
c001dc00   ti_sysbios_family_c64p_Hwi_int0
c001dc20   ti_sysbios_family_c64p_Hwi_int1
c001dc40   ti_sysbios_family_c64p_Hwi_int2
c001dc60   ti_sysbios_family_c64p_Hwi_int3
c001dc80   ti_sysbios_family_c64p_Hwi_int4
c001dca0   ti_sysbios_family_c64p_Hwi_int5
c001dcc0   ti_sysbios_family_c64p_Hwi_int6
c001dce0   ti_sysbios_family_c64p_Hwi_int7
c001dd00   ti_sysbios_family_c64p_Hwi_int8
c001dd20   ti_sysbios_family_c64p_Hwi_int9
c001dd40   ti_sysbios_family_c64p_Hwi_int10
c001dd60   ti_sysbios_family_c64p_Hwi_int11
c001dd80   ti_sysbios_family_c64p_Hwi_int12
c001dda0   ti_sysbios_family_c64p_Hwi_int13
c001ddc0   ti_sysbios_family_c64p_Hwi_int14
c001dde0   ti_sysbios_family_c64p_Hwi_int15
c001de30   __CIOBUF_
c001df50   __TI_STATIC_BASE
c001df50   emifa_send_buffer
c001df54   sin_value
c001df58   emifa_fpga_write_index
c001df5c   upp_tran_status
c001e384   __TI_Handler_Table_Base
c001e390   __TI_Handler_Table_Limit
c001e3b0   __TI_CINIT_Base
c001e3d0   __TI_CINIT_Limit
ffffffff   __TI_pprof_out_hndl
ffffffff   __TI_prof_data_size
ffffffff   __TI_prof_data_start
ffffffff   __binit__
ffffffff   __c_args__
ffffffff   binit
UNDEFED    __TI_INITARRAY_Base
UNDEFED    __TI_INITARRAY_Limit

[829 symbols]
